[00:49:18] excluding 100 tasks generation already read (300 traces)
[00:49:18] fresh corpus: 450 unseen tasks
[00:49:19] fixed sample: 300 trace ids from benchmarks/hover/traces/traces-3/generation/samples/sample-2/trace_ids.txt, all fresh
[00:49:20] fresh traces available: 300
[00:49:20]   obs_work_1: calling (39,885 char prompt)  [work 1/284]
[00:49:36]     usage: prompt=9687 thoughts=2850 answer=296
[00:49:36]   obs_work_1: ok (16s, 1,025 chars)
[00:49:36]   obs_work_2: calling (43,939 char prompt)  [work 2/284]
[00:49:52]     usage: prompt=10472 thoughts=3462 answer=66
[00:49:52]   obs_work_2: ok (17s, 126 chars)
[00:49:52]   obs_work_3: calling (44,385 char prompt)  [work 3/284]
[00:50:03]     usage: prompt=11043 thoughts=1990 answer=66
[00:50:03]   obs_work_3: ok (11s, 127 chars)
[00:50:03]   obs_work_4: calling (41,824 char prompt)  [work 4/284]
[00:50:22]     usage: prompt=10716 thoughts=3289 answer=173
[00:50:22]   obs_work_4: ok (19s, 599 chars)
[00:50:22]   obs_work_5: calling (50,009 char prompt)  [work 5/284]
[00:50:41]     usage: prompt=11453 thoughts=3370 answer=186
[00:50:41]   obs_work_5: ok (18s, 661 chars)
[00:50:41]   obs_work_6: calling (42,913 char prompt)  [work 6/284]
[00:50:50]     usage: prompt=9776 thoughts=1626 answer=45
[00:50:50]   obs_work_6: ok (9s, 90 chars)
[00:50:50]   obs_work_7: calling (45,702 char prompt)  [work 7/284]
[00:50:57]     usage: prompt=11068 thoughts=1337 answer=61
[00:50:57]   obs_work_7: ok (7s, 126 chars)
[00:50:57]   obs_work_8: calling (46,169 char prompt)  [work 8/284]
[00:51:06]     usage: prompt=11352 thoughts=1703 answer=63
[00:51:06]   obs_work_8: ok (9s, 126 chars)
[00:51:06]   obs_work_9: calling (51,262 char prompt)  [work 9/284]
[00:51:15]     usage: prompt=12333 thoughts=1631 answer=67
[00:51:15]   obs_work_9: ok (9s, 126 chars)
[00:51:15]   obs_work_10: calling (43,205 char prompt)  [work 10/284]
[00:51:26]     usage: prompt=10711 thoughts=2184 answer=172
[00:51:26]   obs_work_10: ok (11s, 656 chars)
[00:51:26]   obs_work_11: calling (45,234 char prompt)  [work 11/284]
[00:51:37]     usage: prompt=11242 thoughts=2008 answer=149
[00:51:37]   obs_work_11: ok (11s, 580 chars)
[00:51:37]   obs_work_12: calling (54,576 char prompt)  [work 12/284]
[00:51:48]     usage: prompt=13148 thoughts=2156 answer=64
[00:51:48]   obs_work_12: ok (10s, 126 chars)
[00:51:48]   obs_work_13: calling (52,949 char prompt)  [work 13/284]
[00:52:00]     usage: prompt=13866 thoughts=2646 answer=66
[00:52:00]   obs_work_13: ok (13s, 127 chars)
[00:52:00]   obs_work_14: calling (63,481 char prompt)  [work 14/284]
[00:52:07]     usage: prompt=16160 thoughts=1294 answer=66
[00:52:07]   obs_work_14: ok (7s, 126 chars)
[00:52:07]   obs_work_15: calling (46,951 char prompt)  [work 15/284]
[00:52:18]     usage: prompt=11054 thoughts=2054 answer=65
[00:52:18]   obs_work_15: ok (11s, 126 chars)
[00:52:18]   obs_work_16: calling (49,392 char prompt)  [work 16/284]
[00:52:31]     usage: prompt=11501 thoughts=2584 answer=67
[00:52:31]   obs_work_16: ok (13s, 127 chars)
[00:52:31]   obs_work_17: calling (45,185 char prompt)  [work 17/284]
[00:52:45]     usage: prompt=10950 thoughts=2775 answer=172
[00:52:45]   obs_work_17: ok (14s, 624 chars)
[00:52:45]   obs_work_18: calling (48,698 char prompt)  [work 18/284]
[00:52:52]     usage: prompt=11817 thoughts=1406 answer=64
[00:52:52]   obs_work_18: ok (7s, 127 chars)
[00:52:52]   obs_work_19: calling (57,488 char prompt)  [work 19/284]
[00:53:16]     usage: prompt=15701 thoughts=4661 answer=544
[00:53:16]   obs_work_19: ok (24s, 1,925 chars)
[00:53:16]   obs_work_20: calling (60,843 char prompt)  [work 20/284]
[00:53:31]     usage: prompt=14313 thoughts=2576 answer=186
[00:53:31]   obs_work_20: ok (14s, 671 chars)
[00:53:31]   obs_work_21: calling (57,616 char prompt)  [work 21/284]
[00:53:48]     usage: prompt=13647 thoughts=3521 answer=331
[00:53:48]   obs_work_21: ok (17s, 1,407 chars)
[00:53:48]   obs_work_22: calling (49,774 char prompt)  [work 22/284]
[00:53:55]     usage: prompt=11903 thoughts=1442 answer=65
[00:53:55]   obs_work_22: ok (8s, 127 chars)
[00:53:55]   obs_work_23: calling (39,689 char prompt)  [work 23/284]
[00:54:02]     usage: prompt=9860 thoughts=1343 answer=66
[00:54:02]   obs_work_23: ok (7s, 126 chars)
[00:54:02]   obs_work_24: calling (38,412 char prompt)  [work 24/284]
[00:54:11]     usage: prompt=9167 thoughts=1543 answer=64
[00:54:11]   obs_work_24: ok (8s, 126 chars)
[00:54:11]   obs_work_25: calling (66,812 char prompt)  [work 25/284]
[00:54:26]     usage: prompt=16800 thoughts=3112 answer=264
[00:54:26]   obs_work_25: ok (15s, 858 chars)
[00:54:26]   obs_work_26: calling (39,043 char prompt)  [work 26/284]
[00:54:38]     usage: prompt=9379 thoughts=2436 answer=65
[00:54:38]   obs_work_26: ok (12s, 126 chars)
[00:54:38]   obs_work_27: calling (50,641 char prompt)  [work 27/284]
[00:54:46]     usage: prompt=12666 thoughts=1504 answer=65
[00:54:46]   obs_work_27: ok (8s, 126 chars)
[00:54:46]   obs_work_28: calling (40,610 char prompt)  [work 28/284]
[00:54:58]     usage: prompt=10555 thoughts=2134 answer=63
[00:54:58]   obs_work_28: ok (11s, 126 chars)
[00:54:58]   obs_work_29: calling (48,663 char prompt)  [work 29/284]
[00:55:05]     usage: prompt=11291 thoughts=1362 answer=65
[00:55:05]   obs_work_29: ok (7s, 127 chars)
[00:55:05]   obs_work_30: calling (41,560 char prompt)  [work 30/284]
[00:55:18]     usage: prompt=10097 thoughts=2566 answer=358
[00:55:18]   obs_work_30: ok (14s, 1,584 chars)
[00:55:18]   obs_work_31: calling (54,361 char prompt)  [work 31/284]
[00:55:25]     usage: prompt=12622 thoughts=1086 answer=65
[00:55:25]   obs_work_31: ok (6s, 126 chars)
[00:55:25]   obs_work_32: calling (54,451 char prompt)  [work 32/284]
[00:55:31]     usage: prompt=12691 thoughts=1177 answer=62
[00:55:31]   obs_work_32: ok (7s, 127 chars)
[00:55:31]   obs_work_33: calling (45,027 char prompt)  [work 33/284]
[00:55:53]     usage: prompt=10157 thoughts=4388 answer=413
[00:55:53]   obs_work_33: ok (22s, 1,598 chars)
[00:55:53]   obs_work_34: calling (47,207 char prompt)  [work 34/284]
[00:56:00]     usage: prompt=11280 thoughts=1244 answer=65
[00:56:00]   obs_work_34: ok (6s, 126 chars)
[00:56:00]   obs_work_35: calling (47,331 char prompt)  [work 35/284]
[00:56:10]     usage: prompt=10700 thoughts=2014 answer=64
[00:56:10]   obs_work_35: ok (11s, 126 chars)
[00:56:10]   obs_work_36: calling (54,613 char prompt)  [work 36/284]
[00:56:21]     usage: prompt=11782 thoughts=2043 answer=46
[00:56:21]   obs_work_36: ok (11s, 90 chars)
[00:56:21]   obs_work_37: calling (64,889 char prompt)  [work 37/284]
[00:56:55]     usage: prompt=16261 thoughts=6715 answer=435
[00:56:55]   obs_work_37: ok (33s, 1,668 chars)
[00:56:55]   obs_work_38: calling (49,802 char prompt)  [work 38/284]
[00:57:05]     usage: prompt=11075 thoughts=1805 answer=64
[00:57:05]   obs_work_38: ok (10s, 126 chars)
[00:57:05]   obs_work_39: calling (50,669 char prompt)  [work 39/284]
[00:57:14]     usage: prompt=11715 thoughts=1406 answer=45
[00:57:14]   obs_work_39: ok (8s, 91 chars)
[00:57:14]   obs_work_40: calling (30,755 char prompt)  [work 40/284]
[00:57:23]     usage: prompt=8043 thoughts=1716 answer=64
[00:57:23]   obs_work_40: ok (9s, 126 chars)
[00:57:23]   obs_work_41: calling (46,729 char prompt)  [work 41/284]
[00:57:43]     usage: prompt=11563 thoughts=3799 answer=357
[00:57:43]   obs_work_41: ok (20s, 1,399 chars)
[00:57:43]   obs_work_42: calling (53,463 char prompt)  [work 42/284]
[00:57:54]     usage: prompt=12519 thoughts=2136 answer=66
[00:57:54]   obs_work_42: ok (11s, 127 chars)
[00:57:54]   obs_work_43: calling (39,803 char prompt)  [work 43/284]
[00:58:10]     usage: prompt=9870 thoughts=3038 answer=419
[00:58:10]   obs_work_43: ok (16s, 1,604 chars)
[00:58:10]   obs_work_44: calling (61,092 char prompt)  [work 44/284]
[00:58:19]     usage: prompt=14658 thoughts=1659 answer=67
[00:58:19]   obs_work_44: ok (8s, 127 chars)
[00:58:19]   obs_work_45: calling (63,414 char prompt)  [work 45/284]
[00:58:25]     usage: prompt=15222 thoughts=1221 answer=66
[00:58:25]   obs_work_45: ok (7s, 126 chars)
[00:58:25]   obs_work_46: calling (61,124 char prompt)  [work 46/284]
[00:58:34]     usage: prompt=13861 thoughts=1613 answer=67
[00:58:34]   obs_work_46: ok (8s, 127 chars)
[00:58:34]   obs_work_47: calling (55,350 char prompt)  [work 47/284]
[00:58:50]     usage: prompt=12572 thoughts=2975 answer=297
[00:58:50]   obs_work_47: ok (16s, 1,068 chars)
[00:58:50]   obs_work_48: calling (43,482 char prompt)  [work 48/284]
[00:59:12]     usage: prompt=10896 thoughts=3290 answer=273
[00:59:12]   obs_work_48: ok (22s, 1,053 chars)
[00:59:12]   obs_work_49: calling (49,319 char prompt)  [work 49/284]
[00:59:19]     usage: prompt=12013 thoughts=1384 answer=62
[00:59:19]   obs_work_49: ok (8s, 126 chars)
[00:59:19]   obs_work_50: calling (41,233 char prompt)  [work 50/284]
[00:59:27]     usage: prompt=9555 thoughts=1327 answer=66
[00:59:27]   obs_work_50: ok (7s, 127 chars)
[00:59:27]   obs_work_51: calling (66,154 char prompt)  [work 51/284]
[00:59:42]     usage: prompt=15799 thoughts=3037 answer=211
[00:59:43]   obs_work_51: ok (16s, 654 chars)
[00:59:43]   obs_work_52: calling (69,615 char prompt)  [work 52/284]
[01:00:21]     usage: prompt=17069 thoughts=4917 answer=751
[01:00:21]   obs_work_52: ok (38s, 3,026 chars)
[01:00:21]   obs_work_53: calling (49,796 char prompt)  [work 53/284]
[01:00:37]     usage: prompt=11768 thoughts=2888 answer=442
[01:00:37]   obs_work_53: ok (17s, 1,651 chars)
[01:00:37]   obs_work_54: calling (48,730 char prompt)  [work 54/284]
[01:00:55]     usage: prompt=11099 thoughts=3377 answer=230
[01:00:55]   obs_work_54: ok (17s, 911 chars)
[01:00:55]   obs_work_55: calling (45,755 char prompt)  [work 55/284]
[01:01:06]     usage: prompt=10431 thoughts=2206 answer=66
[01:01:06]   obs_work_55: ok (11s, 126 chars)
[01:01:06]   obs_work_56: calling (53,460 char prompt)  [work 56/284]
[01:01:20]     usage: prompt=12703 thoughts=2918 answer=67
[01:01:20]   obs_work_56: ok (14s, 127 chars)
[01:01:20]   obs_work_57: calling (40,709 char prompt)  [work 57/284]
[01:01:32]     usage: prompt=10216 thoughts=2150 answer=65
[01:01:32]   obs_work_57: ok (12s, 127 chars)
[01:01:32]   obs_work_58: calling (48,783 char prompt)  [work 58/284]
[01:01:39]     usage: prompt=11554 thoughts=1162 answer=65
[01:01:39]   obs_work_58: ok (7s, 126 chars)
[01:01:39]   obs_work_59: calling (48,378 char prompt)  [work 59/284]
[01:01:46]     usage: prompt=11691 thoughts=1178 answer=65
[01:01:46]   obs_work_59: ok (7s, 127 chars)
[01:01:46]   obs_work_60: calling (42,102 char prompt)  [work 60/284]
[01:01:55]     usage: prompt=10160 thoughts=1861 answer=65
[01:01:55]   obs_work_60: ok (9s, 126 chars)
[01:01:55]   obs_work_61: calling (69,574 char prompt)  [work 61/284]
[01:02:16]     usage: prompt=17460 thoughts=4710 answer=243
[01:02:16]   obs_work_61: ok (21s, 691 chars)
[01:02:16]   obs_work_62: calling (41,017 char prompt)  [work 62/284]
[01:02:23]     usage: prompt=9920 thoughts=1247 answer=66
[01:02:23]   obs_work_62: ok (7s, 126 chars)
[01:02:23]   obs_work_63: calling (43,768 char prompt)  [work 63/284]
[01:02:37]     usage: prompt=9946 thoughts=2768 answer=172
[01:02:37]   obs_work_63: ok (14s, 655 chars)
[01:02:37]   obs_work_64: calling (51,358 char prompt)  [work 64/284]
[01:03:00]     usage: prompt=11749 thoughts=4769 answer=291
[01:03:00]   obs_work_64: ok (23s, 1,119 chars)
[01:03:00]   obs_work_65: calling (44,521 char prompt)  [work 65/284]
[01:03:20]     usage: prompt=10173 thoughts=3914 answer=401
[01:03:20]   obs_work_65: ok (20s, 1,683 chars)
[01:03:20]   obs_work_66: calling (47,040 char prompt)  [work 66/284]
[01:03:30]     usage: prompt=10727 thoughts=1902 answer=184
[01:03:30]   obs_work_66: ok (10s, 681 chars)
[01:03:30]   obs_work_67: calling (45,127 char prompt)  [work 67/284]
[01:03:37]     usage: prompt=11464 thoughts=1186 answer=66
[01:03:37]   obs_work_67: ok (7s, 127 chars)
[01:03:37]   obs_work_68: calling (72,441 char prompt)  [work 68/284]
[01:03:55]     usage: prompt=19070 thoughts=3843 answer=118
[01:03:55]   obs_work_68: ok (18s, 234 chars)
[01:03:55]   obs_work_69: calling (40,882 char prompt)  [work 69/284]
[01:04:11]     usage: prompt=10626 thoughts=3167 answer=62
[01:04:11]   obs_work_69: ok (17s, 127 chars)
[01:04:11]   obs_work_70: calling (55,090 char prompt)  [work 70/284]
[01:04:26]     usage: prompt=12289 thoughts=2676 answer=275
[01:04:26]   obs_work_70: ok (14s, 1,108 chars)
[01:04:26]   obs_work_71: calling (50,874 char prompt)  [work 71/284]
[01:04:38]     usage: prompt=11677 thoughts=2441 answer=168
[01:04:38]   obs_work_71: ok (13s, 627 chars)
[01:04:38]   obs_work_72: calling (37,636 char prompt)  [work 72/284]
[01:04:53]     usage: prompt=8648 thoughts=3060 answer=244
[01:04:53]   obs_work_72: ok (15s, 899 chars)
[01:04:53]   obs_work_73: calling (46,944 char prompt)  [work 73/284]
[01:05:00]     usage: prompt=10628 thoughts=1240 answer=64
[01:05:00]   obs_work_73: ok (7s, 126 chars)
[01:05:00]   obs_work_74: calling (43,250 char prompt)  [work 74/284]
[11:12:43] excluding 100 tasks generation already read (300 traces)
[11:12:44] fresh corpus: 450 unseen tasks
[11:12:45] fixed sample: 300 trace ids from benchmarks/hover/traces/traces-3/generation/samples/sample-2/trace_ids.txt, all fresh
[11:12:46] fresh traces available: 300
[11:12:46]   obs_work_1: already done
[11:12:46]   obs_work_2: already done
[11:12:46]   obs_work_3: already done
[11:12:46]   obs_work_4: already done
[11:12:46]   obs_work_5: already done
[11:12:46]   obs_work_6: already done
[11:12:46]   obs_work_7: already done
[11:12:46]   obs_work_8: already done
[11:12:46]   obs_work_9: already done
[11:12:46]   obs_work_10: already done
[11:12:46]   obs_work_11: already done
[11:12:46]   obs_work_12: already done
[11:12:46]   obs_work_13: already done
[11:12:46]   obs_work_14: already done
[11:12:46]   obs_work_15: already done
[11:12:46]   obs_work_16: already done
[11:12:46]   obs_work_17: already done
[11:12:46]   obs_work_18: already done
[11:12:46]   obs_work_19: already done
[11:12:46]   obs_work_20: already done
[11:12:46]   obs_work_21: already done
[11:12:46]   obs_work_22: already done
[11:12:46]   obs_work_23: already done
[11:12:46]   obs_work_24: already done
[11:12:46]   obs_work_25: already done
[11:12:46]   obs_work_26: already done
[11:12:46]   obs_work_27: already done
[11:12:46]   obs_work_28: already done
[11:12:46]   obs_work_29: already done
[11:12:46]   obs_work_30: already done
[11:12:46]   obs_work_31: already done
[11:12:46]   obs_work_32: already done
[11:12:46]   obs_work_33: already done
[11:12:46]   obs_work_34: already done
[11:12:46]   obs_work_35: already done
[11:12:46]   obs_work_36: already done
[11:12:46]   obs_work_37: already done
[11:12:46]   obs_work_38: already done
[11:12:46]   obs_work_39: already done
[11:12:46]   obs_work_40: already done
[11:12:46]   obs_work_41: already done
[11:12:46]   obs_work_42: already done
[11:12:46]   obs_work_43: already done
[11:12:46]   obs_work_44: already done
[11:12:46]   obs_work_45: already done
[11:12:46]   obs_work_46: already done
[11:12:46]   obs_work_47: already done
[11:12:46]   obs_work_48: already done
[11:12:46]   obs_work_49: already done
[11:12:46]   obs_work_50: already done
[11:12:46]   obs_work_51: already done
[11:12:46]   obs_work_52: already done
[11:12:46]   obs_work_53: already done
[11:12:46]   obs_work_54: already done
[11:12:46]   obs_work_55: already done
[11:12:46]   obs_work_56: already done
[11:12:46]   obs_work_57: already done
[11:12:46]   obs_work_58: already done
[11:12:46]   obs_work_59: already done
[11:12:46]   obs_work_60: already done
[11:12:46]   obs_work_61: already done
[11:12:46]   obs_work_62: already done
[11:12:46]   obs_work_63: already done
[11:12:46]   obs_work_64: already done
[11:12:46]   obs_work_65: already done
[11:12:46]   obs_work_66: already done
[11:12:46]   obs_work_67: already done
[11:12:46]   obs_work_68: already done
[11:12:46]   obs_work_69: already done
[11:12:46]   obs_work_70: already done
[11:12:46]   obs_work_71: already done
[11:12:46]   obs_work_72: already done
[11:12:46]   obs_work_73: already done
[11:12:46]   obs_work_74: calling (43,250 char prompt)  [work 74/284]
[11:12:57]     usage: prompt=10104 thoughts=2230 answer=65
[11:12:57]   obs_work_74: ok (11s, 127 chars)
[11:12:57]   obs_work_75: calling (54,401 char prompt)  [work 75/284]
[11:13:07]   [!] transient error (attempt 1/5), retry in 5s: HTTP Error 503: Service Unavailable
[11:13:27]     usage: prompt=12684 thoughts=2780 answer=214
[11:13:27]   obs_work_75: ok (30s, 904 chars)
[11:13:27]   obs_work_76: calling (51,267 char prompt)  [work 76/284]
[11:13:42]     usage: prompt=13086 thoughts=2722 answer=160
[11:13:42]   obs_work_76: ok (15s, 568 chars)
[11:13:42]   obs_work_77: calling (51,871 char prompt)  [work 77/284]
[11:13:56]     usage: prompt=13213 thoughts=2742 answer=173
[11:13:56]   obs_work_77: ok (13s, 610 chars)
[11:13:56]   obs_work_78: calling (41,800 char prompt)  [work 78/284]
[11:14:02]     usage: prompt=9330 thoughts=1015 answer=63
[11:14:02]   obs_work_78: ok (6s, 126 chars)
[11:14:02]   obs_work_79: calling (42,413 char prompt)  [work 79/284]
[11:14:13]     usage: prompt=9518 thoughts=1965 answer=67
[11:14:13]   obs_work_79: ok (11s, 126 chars)
[11:14:13]   obs_work_80: calling (58,710 char prompt)  [work 80/284]
[11:14:21]     usage: prompt=13992 thoughts=1221 answer=64
[11:14:21]   obs_work_80: ok (8s, 126 chars)
[11:14:21]   obs_work_81: calling (57,142 char prompt)  [work 81/284]
[11:14:30]     usage: prompt=13743 thoughts=1369 answer=64
[11:14:30]   obs_work_81: ok (8s, 126 chars)
[11:14:30]   obs_work_82: calling (42,414 char prompt)  [work 82/284]
[11:14:38]     usage: prompt=10631 thoughts=1299 answer=65
[11:14:38]   obs_work_82: ok (8s, 126 chars)
[11:14:38]   obs_work_83: calling (45,297 char prompt)  [work 83/284]
[11:14:47]     usage: prompt=10906 thoughts=1606 answer=65
[11:14:47]   obs_work_83: ok (9s, 126 chars)
[11:14:47]   obs_work_84: calling (66,782 char prompt)  [work 84/284]
[11:15:00]     usage: prompt=16024 thoughts=2322 answer=67
[11:15:00]   obs_work_84: ok (13s, 127 chars)
[11:15:00]   obs_work_85: calling (48,777 char prompt)  [work 85/284]
[11:15:09]     usage: prompt=11540 thoughts=1176 answer=61
[11:15:09]   obs_work_85: ok (9s, 126 chars)
[11:15:09]   obs_work_86: calling (71,415 char prompt)  [work 86/284]
[11:15:35]     usage: prompt=17265 thoughts=4889 answer=217
[11:15:35]   obs_work_86: ok (26s, 681 chars)
[11:15:35]   obs_work_87: calling (39,068 char prompt)  [work 87/284]
[11:15:46]     usage: prompt=9751 thoughts=2189 answer=67
[11:15:46]   obs_work_87: ok (11s, 127 chars)
[11:15:46]   obs_work_88: calling (37,698 char prompt)  [work 88/284]
[11:16:02]     usage: prompt=9673 thoughts=2771 answer=64
[11:16:02]   obs_work_88: ok (16s, 127 chars)
[11:16:02]   obs_work_89: calling (42,496 char prompt)  [work 89/284]
[11:16:14]     usage: prompt=9757 thoughts=2414 answer=65
[11:16:14]   obs_work_89: ok (12s, 126 chars)
[11:16:14]   obs_work_90: calling (46,692 char prompt)  [work 90/284]
[11:16:21]     usage: prompt=10752 thoughts=1287 answer=65
[11:16:21]   obs_work_90: ok (8s, 126 chars)
[11:16:21]   obs_work_91: calling (41,058 char prompt)  [work 91/284]
[11:16:37]     usage: prompt=10645 thoughts=2797 answer=285
[11:16:37]   obs_work_91: ok (16s, 1,023 chars)
[11:16:37]   obs_work_92: calling (45,057 char prompt)  [work 92/284]
[11:16:50]     usage: prompt=11091 thoughts=2548 answer=186
[11:16:50]   obs_work_92: ok (14s, 633 chars)
[11:16:50]   obs_work_93: calling (42,504 char prompt)  [work 93/284]
[11:17:00]     usage: prompt=11037 thoughts=1663 answer=66
[11:17:00]   obs_work_93: ok (9s, 126 chars)
[11:17:00]   obs_work_94: calling (45,379 char prompt)  [work 94/284]
[11:17:10]     usage: prompt=11404 thoughts=1803 answer=66
[11:17:10]   obs_work_94: ok (11s, 126 chars)
[11:17:10]   obs_work_95: calling (50,063 char prompt)  [work 95/284]
[11:17:24]     usage: prompt=11422 thoughts=2865 answer=47
[11:17:24]   obs_work_95: ok (14s, 91 chars)
[11:17:24]   obs_work_96: calling (48,027 char prompt)  [work 96/284]
[11:17:45]     usage: prompt=11280 thoughts=2780 answer=156
[11:17:45]   obs_work_96: ok (20s, 532 chars)
[11:17:45]   obs_work_97: calling (42,202 char prompt)  [work 97/284]
[11:17:56]     usage: prompt=10339 thoughts=2108 answer=65
[11:17:56]   obs_work_97: ok (11s, 126 chars)
[11:17:56]   obs_work_98: calling (49,656 char prompt)  [work 98/284]
[11:18:09]     usage: prompt=11950 thoughts=2110 answer=67
[11:18:09]   obs_work_98: ok (13s, 126 chars)
[11:18:09]   obs_work_99: calling (45,106 char prompt)  [work 99/284]
[11:18:20]     usage: prompt=11041 thoughts=2007 answer=62
[11:18:20]   obs_work_99: ok (10s, 126 chars)
[11:18:20]   obs_work_100: calling (45,960 char prompt)  [work 100/284]
[11:18:35]     usage: prompt=11228 thoughts=3397 answer=210
[11:18:35]   obs_work_100: ok (16s, 777 chars)
[11:18:35]   obs_work_101: calling (51,085 char prompt)  [work 101/284]
[11:18:51]     usage: prompt=12031 thoughts=3070 answer=195
[11:18:51]   obs_work_101: ok (15s, 721 chars)
[11:18:51]   obs_work_102: calling (44,712 char prompt)  [work 102/284]
[11:19:02]     usage: prompt=10777 thoughts=1903 answer=66
[11:19:02]   obs_work_102: ok (11s, 127 chars)
[11:19:02]   obs_work_103: calling (53,758 char prompt)  [work 103/284]
[11:19:14]     usage: prompt=12682 thoughts=2290 answer=46
[11:19:14]   obs_work_103: ok (12s, 91 chars)
[11:19:14]   obs_work_104: calling (58,604 char prompt)  [work 104/284]
[11:19:29]     usage: prompt=13687 thoughts=2859 answer=176
[11:19:29]   obs_work_104: ok (15s, 571 chars)
[11:19:29]   obs_work_105: calling (54,913 char prompt)  [work 105/284]
[11:19:40]     usage: prompt=12531 thoughts=1945 answer=66
[11:19:40]   obs_work_105: ok (10s, 127 chars)
[11:19:40]   obs_work_106: calling (59,167 char prompt)  [work 106/284]
[11:19:53]     usage: prompt=12993 thoughts=1327 answer=66
[11:19:53]   obs_work_106: ok (13s, 127 chars)
[11:19:53]   obs_work_107: calling (68,439 char prompt)  [work 107/284]
[11:20:12]     usage: prompt=16760 thoughts=3395 answer=249
[11:20:12]   obs_work_107: ok (19s, 752 chars)
[11:20:12]   obs_work_108: calling (44,834 char prompt)  [work 108/284]
[11:20:23]     usage: prompt=11459 thoughts=2078 answer=107
[11:20:23]   obs_work_108: ok (11s, 377 chars)
[11:20:23]   obs_work_109: calling (49,263 char prompt)  [work 109/284]
[11:20:41]     usage: prompt=12306 thoughts=3100 answer=336
[11:20:41]   obs_work_109: ok (18s, 1,231 chars)
[11:20:41]   obs_work_110: calling (71,412 char prompt)  [work 110/284]
[11:21:00]     usage: prompt=17900 thoughts=3826 answer=334
[11:21:00]   obs_work_110: ok (19s, 1,156 chars)
[11:21:00]   obs_work_111: calling (45,589 char prompt)  [work 111/284]
[11:21:19]     usage: prompt=10977 thoughts=3558 answer=306
[11:21:19]   obs_work_111: ok (19s, 1,173 chars)
[11:21:19]   obs_work_112: calling (44,803 char prompt)  [work 112/284]
[11:21:27]     usage: prompt=10881 thoughts=1365 answer=64
[11:21:27]   obs_work_112: ok (8s, 126 chars)
[11:21:27]   obs_work_113: calling (50,474 char prompt)  [work 113/284]
[11:21:44]     usage: prompt=12067 thoughts=3026 answer=377
[11:21:44]   obs_work_113: ok (17s, 1,493 chars)
[11:21:44]   obs_work_114: calling (41,274 char prompt)  [work 114/284]
[11:21:56]     usage: prompt=10386 thoughts=2095 answer=188
[11:21:56]   obs_work_114: ok (11s, 739 chars)
[11:21:56]   obs_work_115: calling (55,716 char prompt)  [work 115/284]
[11:22:08]     usage: prompt=13258 thoughts=2199 answer=63
[11:22:08]   obs_work_115: ok (12s, 126 chars)
[11:22:08]   obs_work_116: calling (57,648 char prompt)  [work 116/284]
[11:22:23]     usage: prompt=13589 thoughts=2776 answer=307
[11:22:23]   obs_work_116: ok (15s, 1,266 chars)
[11:22:23]   obs_work_117: calling (49,886 char prompt)  [work 117/284]
[11:22:34]     usage: prompt=11716 thoughts=2070 answer=65
[11:22:34]   obs_work_117: ok (11s, 127 chars)
[11:22:34]   obs_work_118: calling (49,415 char prompt)  [work 118/284]
[11:22:59]     usage: prompt=11715 thoughts=2068 answer=64
[11:22:59]   obs_work_118: ok (25s, 126 chars)
[11:22:59]   obs_work_119: calling (57,210 char prompt)  [work 119/284]
[11:23:12]     usage: prompt=13254 thoughts=2001 answer=66
[11:23:12]   obs_work_119: ok (12s, 127 chars)
[11:23:12]   obs_work_120: calling (50,401 char prompt)  [work 120/284]
[11:23:26]     usage: prompt=12104 thoughts=2598 answer=197
[11:23:26]   obs_work_120: ok (14s, 759 chars)
[11:23:26]   obs_work_121: calling (43,342 char prompt)  [work 121/284]
[11:23:41]     usage: prompt=10246 thoughts=2623 answer=294
[11:23:41]   obs_work_121: ok (15s, 1,269 chars)
[11:23:41]   obs_work_122: calling (43,954 char prompt)  [work 122/284]
[11:23:58]     usage: prompt=10328 thoughts=3454 answer=232
[11:23:58]   obs_work_122: ok (17s, 925 chars)
[11:23:58]   obs_work_123: calling (66,051 char prompt)  [work 123/284]
[11:24:06]     usage: prompt=16329 thoughts=1464 answer=65
[11:24:06]   obs_work_123: ok (8s, 127 chars)
[11:24:06]   obs_work_124: calling (59,014 char prompt)  [work 124/284]
[11:24:18]     usage: prompt=14902 thoughts=2283 answer=63
[11:24:18]   obs_work_124: ok (12s, 126 chars)
[11:24:18]   obs_work_125: calling (43,338 char prompt)  [work 125/284]
[11:24:31]   [!] transient error (attempt 1/5), retry in 5s: HTTP Error 503: Service Unavailable
[11:24:45]     usage: prompt=10962 thoughts=1634 answer=44
[11:24:45]   obs_work_125: ok (28s, 90 chars)
[11:24:45]   obs_work_126: calling (49,689 char prompt)  [work 126/284]
[11:24:54]     usage: prompt=12134 thoughts=1863 answer=65
[11:24:54]   obs_work_126: ok (9s, 126 chars)
[11:24:54]   obs_work_127: calling (55,109 char prompt)  [work 127/284]
[11:25:55]     usage: prompt=12953 thoughts=3344 answer=481
[11:25:55]   obs_work_127: ok (61s, 2,066 chars)
[11:25:55]   obs_work_128: calling (54,775 char prompt)  [work 128/284]
[11:26:16]     usage: prompt=13089 thoughts=4030 answer=66
[11:26:16]   obs_work_128: ok (20s, 127 chars)
[11:26:16]   obs_work_129: calling (52,327 char prompt)  [work 129/284]
[11:26:27]     usage: prompt=12564 thoughts=2079 answer=64
[11:26:27]   obs_work_129: ok (11s, 126 chars)
[11:26:27]   obs_work_130: calling (54,044 char prompt)  [work 130/284]
[11:26:37]     usage: prompt=13056 thoughts=1588 answer=65
[11:26:37]   obs_work_130: ok (10s, 127 chars)
[11:26:37]   obs_work_131: calling (57,570 char prompt)  [work 131/284]
[11:26:51]     usage: prompt=13888 thoughts=2561 answer=191
[11:26:51]   obs_work_131: ok (14s, 653 chars)
[11:26:51]   obs_work_132: calling (60,350 char prompt)  [work 132/284]
[11:27:01]     usage: prompt=14290 thoughts=1692 answer=67
[11:27:01]   obs_work_132: ok (10s, 127 chars)
[11:27:01]   obs_work_133: calling (50,968 char prompt)  [work 133/284]
[11:27:10]     usage: prompt=11882 thoughts=1533 answer=65
[11:27:10]   obs_work_133: ok (9s, 126 chars)
[11:27:10]   obs_work_134: calling (57,806 char prompt)  [work 134/284]
[11:27:24]     usage: prompt=13073 thoughts=2271 answer=207
[11:27:24]   obs_work_134: ok (14s, 789 chars)
[11:27:24]   obs_work_135: calling (54,359 char prompt)  [work 135/284]
[11:27:42]     usage: prompt=12728 thoughts=3904 answer=64
[11:27:42]   obs_work_135: ok (18s, 127 chars)
[11:27:42]   obs_work_136: calling (50,388 char prompt)  [work 136/284]
[11:27:53]     usage: prompt=11847 thoughts=2361 answer=67
[11:27:53]   obs_work_136: ok (11s, 126 chars)
[11:27:53]   obs_work_137: calling (58,773 char prompt)  [work 137/284]
[11:28:00]     usage: prompt=13322 thoughts=1323 answer=63
[11:28:00]   obs_work_137: ok (7s, 126 chars)
[11:28:00]   obs_work_138: calling (54,229 char prompt)  [work 138/284]
[11:28:08]     usage: prompt=12272 thoughts=1473 answer=60
[11:28:08]   obs_work_138: ok (9s, 126 chars)
[11:28:08]   obs_work_139: calling (44,660 char prompt)  [work 139/284]
[11:28:26]     usage: prompt=10542 thoughts=3667 answer=66
[11:28:26]   obs_work_139: ok (18s, 126 chars)
[11:28:26]   obs_work_140: calling (42,289 char prompt)  [work 140/284]
[11:28:38]     usage: prompt=9845 thoughts=2318 answer=68
[11:28:38]   obs_work_140: ok (12s, 127 chars)
[11:28:38]   obs_work_141: calling (56,496 char prompt)  [work 141/284]
[11:28:52]     usage: prompt=12451 thoughts=1804 answer=66
[11:28:52]   obs_work_141: ok (14s, 127 chars)
[11:28:52]   obs_work_142: calling (53,230 char prompt)  [work 142/284]
[11:29:07]     usage: prompt=11521 thoughts=2535 answer=170
[11:29:07]   obs_work_142: ok (14s, 592 chars)
[11:29:07]   obs_work_143: calling (37,263 char prompt)  [work 143/284]
[11:29:14]     usage: prompt=8847 thoughts=1056 answer=68
[11:29:14]   obs_work_143: ok (7s, 127 chars)
[11:29:14]   obs_work_144: calling (47,786 char prompt)  [work 144/284]
[11:29:31]     usage: prompt=11069 thoughts=3166 answer=67
[11:29:31]   obs_work_144: ok (18s, 126 chars)
[11:29:31]   obs_work_145: calling (57,987 char prompt)  [work 145/284]
[11:29:43]     usage: prompt=13531 thoughts=2180 answer=67
[11:29:43]   obs_work_145: ok (12s, 127 chars)
[11:29:43]   obs_work_146: calling (50,808 char prompt)  [work 146/284]
[11:29:51]     usage: prompt=11890 thoughts=1402 answer=64
[11:29:51]   obs_work_146: ok (8s, 126 chars)
[11:29:51]   obs_work_147: calling (50,647 char prompt)  [work 147/284]
[11:30:04]     usage: prompt=13673 thoughts=2279 answer=186
[11:30:04]   obs_work_147: ok (13s, 650 chars)
[11:30:04]   obs_work_148: calling (42,334 char prompt)  [work 148/284]
[11:30:15]     usage: prompt=11573 thoughts=1380 answer=132
[11:30:15]   obs_work_148: ok (11s, 543 chars)
[11:30:15]   obs_work_149: calling (54,792 char prompt)  [work 149/284]
[11:30:34]     usage: prompt=12555 thoughts=3086 answer=197
[11:30:34]   obs_work_149: ok (19s, 712 chars)
[11:30:34]   obs_work_150: calling (50,630 char prompt)  [work 150/284]
[11:30:50]     usage: prompt=11525 thoughts=2820 answer=191
[11:30:50]   obs_work_150: ok (16s, 635 chars)
[11:30:51]   obs_work_151: calling (50,578 char prompt)  [work 151/284]
[11:31:01]     usage: prompt=11790 thoughts=1674 answer=67
[11:31:01]   obs_work_151: ok (10s, 127 chars)
[11:31:01]   obs_work_152: calling (46,908 char prompt)  [work 152/284]
[11:31:21]     usage: prompt=11053 thoughts=2438 answer=173
[11:31:21]   obs_work_152: ok (20s, 617 chars)
[11:31:21]   obs_work_153: calling (50,047 char prompt)  [work 153/284]
[11:31:32]     usage: prompt=11983 thoughts=1855 answer=64
[11:31:32]   obs_work_153: ok (12s, 126 chars)
[11:31:32]   obs_work_154: calling (35,752 char prompt)  [work 154/284]
[11:31:41]     usage: prompt=8833 thoughts=1698 answer=62
[11:31:41]   obs_work_154: ok (8s, 126 chars)
[11:31:41]   obs_work_155: calling (55,330 char prompt)  [work 155/284]
[11:31:57]     usage: prompt=13145 thoughts=2705 answer=168
[11:31:57]   obs_work_155: ok (17s, 610 chars)
[11:31:57]   obs_work_156: calling (45,839 char prompt)  [work 156/284]
[11:32:16]     usage: prompt=11322 thoughts=3613 answer=268
[11:32:16]   obs_work_156: ok (19s, 980 chars)
[11:32:16]   obs_work_157: calling (52,063 char prompt)  [work 157/284]
[11:32:29]     usage: prompt=12265 thoughts=2255 answer=68
[11:32:29]   obs_work_157: ok (13s, 127 chars)
[11:32:29]   obs_work_158: calling (41,756 char prompt)  [work 158/284]
[11:32:38]     usage: prompt=10071 thoughts=1291 answer=64
[11:32:38]   obs_work_158: ok (9s, 126 chars)
[11:32:38]   obs_work_159: calling (49,405 char prompt)  [work 159/284]
[11:32:48]     usage: prompt=11623 thoughts=1892 answer=66
[11:32:48]   obs_work_159: ok (10s, 127 chars)
[11:32:48]   obs_work_160: calling (44,939 char prompt)  [work 160/284]
[11:32:57]     usage: prompt=10678 thoughts=1578 answer=64
[11:32:57]   obs_work_160: ok (9s, 127 chars)
[11:32:57]   obs_work_161: calling (36,782 char prompt)  [work 161/284]
[11:33:12]     usage: prompt=9406 thoughts=2000 answer=186
[11:33:12]   obs_work_161: ok (15s, 659 chars)
[11:33:12]   obs_work_162: calling (42,604 char prompt)  [work 162/284]
[11:33:26]     usage: prompt=10834 thoughts=2382 answer=183
[11:33:26]   obs_work_162: ok (14s, 642 chars)
[11:33:26]   obs_work_163: calling (42,073 char prompt)  [work 163/284]
[11:33:37]     usage: prompt=10213 thoughts=2056 answer=186
[11:33:37]   obs_work_163: ok (11s, 695 chars)
[11:33:37]   obs_work_164: calling (41,364 char prompt)  [work 164/284]
[11:33:47]     usage: prompt=9704 thoughts=1762 answer=65
[11:33:47]   obs_work_164: ok (10s, 127 chars)
[11:33:47]   obs_work_165: calling (57,972 char prompt)  [work 165/284]
[11:34:04]     usage: prompt=13486 thoughts=3357 answer=330
[11:34:04]   obs_work_165: ok (17s, 1,246 chars)
[11:34:04]   obs_work_166: calling (51,013 char prompt)  [work 166/284]
[11:34:15]     usage: prompt=12304 thoughts=2271 answer=63
[11:34:15]   obs_work_166: ok (11s, 126 chars)
[11:34:15]   obs_work_167: calling (49,517 char prompt)  [work 167/284]
[11:34:44]     usage: prompt=12135 thoughts=3191 answer=344
[11:34:44]   obs_work_167: ok (29s, 1,346 chars)
[11:34:44]   obs_work_168: calling (46,207 char prompt)  [work 168/284]
[11:35:13]     usage: prompt=11411 thoughts=5410 answer=66
[11:35:13]   obs_work_168: ok (29s, 126 chars)
[11:35:13]   obs_work_169: calling (64,532 char prompt)  [work 169/284]
[11:35:25]     usage: prompt=16409 thoughts=2332 answer=113
[11:35:25]   obs_work_169: ok (12s, 232 chars)
[11:35:25]   obs_work_170: calling (49,828 char prompt)  [work 170/284]
[11:35:44]     usage: prompt=12410 thoughts=3749 answer=66
[11:35:44]   obs_work_170: ok (19s, 126 chars)
[11:35:44]   obs_work_171: calling (59,257 char prompt)  [work 171/284]
[11:35:57]     usage: prompt=14380 thoughts=2354 answer=168
[11:35:57]   obs_work_171: ok (13s, 584 chars)
[11:35:57]   obs_work_172: calling (45,302 char prompt)  [work 172/284]
[11:36:06]     usage: prompt=10310 thoughts=1387 answer=64
[11:36:06]   obs_work_172: ok (9s, 126 chars)
[11:36:06]   obs_work_173: calling (42,601 char prompt)  [work 173/284]
[11:36:17]     usage: prompt=10199 thoughts=2096 answer=64
[11:36:17]   obs_work_173: ok (11s, 126 chars)
[11:36:17]   obs_work_174: calling (58,586 char prompt)  [work 174/284]
[11:36:33]     usage: prompt=13496 thoughts=2939 answer=208
[11:36:33]   obs_work_174: ok (16s, 802 chars)
[11:36:33]   obs_work_175: calling (51,054 char prompt)  [work 175/284]
[11:36:42]     usage: prompt=12009 thoughts=1599 answer=63
[11:36:42]   obs_work_175: ok (9s, 127 chars)
[11:36:42]   obs_work_176: calling (41,004 char prompt)  [work 176/284]
[11:36:53]     usage: prompt=10027 thoughts=2302 answer=66
[11:36:53]   obs_work_176: ok (11s, 126 chars)
[11:36:53]   obs_work_177: calling (43,880 char prompt)  [work 177/284]
[11:37:06]   [!] transient error (attempt 1/5), retry in 5s: HTTP Error 503: Service Unavailable
[11:37:23]     usage: prompt=10660 thoughts=2132 answer=64
[11:37:23]   obs_work_177: ok (30s, 126 chars)
[11:37:23]   obs_work_178: calling (40,524 char prompt)  [work 178/284]
[11:37:31]     usage: prompt=8738 thoughts=1401 answer=67
[11:37:31]   obs_work_178: ok (8s, 127 chars)
[11:37:31]   obs_work_179: calling (70,221 char prompt)  [work 179/284]
[11:37:57]     usage: prompt=16423 thoughts=5054 answer=295
[11:37:57]   obs_work_179: ok (26s, 1,022 chars)
[11:37:57]   obs_work_180: calling (37,669 char prompt)  [work 180/284]
[11:38:21]     usage: prompt=9702 thoughts=4140 answer=260
[11:38:21]   obs_work_180: ok (23s, 1,007 chars)
[11:38:21]   obs_work_181: calling (50,873 char prompt)  [work 181/284]
[11:38:31]     usage: prompt=12778 thoughts=2213 answer=46
[11:38:31]   obs_work_181: ok (10s, 91 chars)
[11:38:31]   obs_work_182: calling (48,190 char prompt)  [work 182/284]
[11:38:42]     usage: prompt=12297 thoughts=1958 answer=63
[11:38:42]   obs_work_182: ok (11s, 126 chars)
[11:38:42]   obs_work_183: calling (39,120 char prompt)  [work 183/284]
[11:38:59]     usage: prompt=9954 thoughts=3323 answer=188
[11:38:59]   obs_work_183: ok (17s, 596 chars)
[11:38:59]   obs_work_184: calling (46,947 char prompt)  [work 184/284]
[11:39:08]     usage: prompt=11573 thoughts=1527 answer=190
[11:39:08]   obs_work_184: ok (9s, 614 chars)
[11:39:08]   obs_work_185: calling (39,988 char prompt)  [work 185/284]
[11:39:19]     usage: prompt=10202 thoughts=1812 answer=66
[11:39:19]   obs_work_185: ok (10s, 126 chars)
[11:39:19]   obs_work_186: calling (40,880 char prompt)  [work 186/284]
[11:39:31]     usage: prompt=10591 thoughts=2111 answer=68
[11:39:31]   obs_work_186: ok (12s, 127 chars)
[11:39:31]   obs_work_187: calling (57,673 char prompt)  [work 187/284]
[11:39:39]     usage: prompt=14253 thoughts=1717 answer=64
[11:39:39]   obs_work_187: ok (8s, 127 chars)
[11:39:39]   obs_work_188: calling (51,136 char prompt)  [work 188/284]
[11:39:56]     usage: prompt=12816 thoughts=1631 answer=66
[11:39:56]   obs_work_188: ok (18s, 127 chars)
[11:39:56]   obs_work_189: calling (49,754 char prompt)  [work 189/284]
[11:40:32]     usage: prompt=11864 thoughts=1956 answer=64
[11:40:32]   obs_work_189: ok (36s, 127 chars)
[11:40:32]   obs_work_190: calling (41,614 char prompt)  [work 190/284]
[11:40:45]     usage: prompt=10196 thoughts=2344 answer=168
[11:40:45]   obs_work_190: ok (13s, 530 chars)
[11:40:45]   obs_work_191: calling (50,318 char prompt)  [work 191/284]
[11:40:56]     usage: prompt=11670 thoughts=1625 answer=164
[11:40:56]   obs_work_191: ok (11s, 512 chars)
[11:40:56]   obs_work_192: calling (61,290 char prompt)  [work 192/284]
[11:41:19]     usage: prompt=13894 thoughts=4378 answer=346
[11:41:19]   obs_work_192: ok (23s, 1,334 chars)
[11:41:19]   obs_work_193: calling (42,121 char prompt)  [work 193/284]
[11:41:29]     usage: prompt=10439 thoughts=1867 answer=65
[11:41:29]   obs_work_193: ok (10s, 126 chars)
[11:41:29]   obs_work_194: calling (51,798 char prompt)  [work 194/284]
[11:41:44]     usage: prompt=12415 thoughts=2824 answer=66
[11:41:44]   obs_work_194: ok (15s, 126 chars)
[11:41:44]   obs_work_195: calling (46,321 char prompt)  [work 195/284]
[11:41:51]     usage: prompt=11542 thoughts=1232 answer=66
[11:41:51]   obs_work_195: ok (7s, 127 chars)
[11:41:51]   obs_work_196: calling (48,550 char prompt)  [work 196/284]
[11:42:03]     usage: prompt=12034 thoughts=2212 answer=63
[11:42:03]   obs_work_196: ok (12s, 126 chars)
[11:42:03]   obs_work_197: calling (44,639 char prompt)  [work 197/284]
[11:42:11]     usage: prompt=10424 thoughts=1508 answer=66
[11:42:11]   obs_work_197: ok (8s, 126 chars)
[11:42:11]   obs_work_198: calling (44,927 char prompt)  [work 198/284]
[11:42:20]     usage: prompt=10381 thoughts=1569 answer=66
[11:42:20]   obs_work_198: ok (9s, 127 chars)
[11:42:20]   obs_work_199: calling (56,524 char prompt)  [work 199/284]
[11:42:44]     usage: prompt=14050 thoughts=4307 answer=288
[11:42:44]   obs_work_199: ok (23s, 1,102 chars)
[11:42:44]   obs_work_200: calling (47,028 char prompt)  [work 200/284]
[11:42:54]     usage: prompt=11916 thoughts=1926 answer=65
[11:42:54]   obs_work_200: ok (11s, 127 chars)
[11:42:54]   obs_work_201: calling (51,676 char prompt)  [work 201/284]
[11:43:05]     usage: prompt=12412 thoughts=1780 answer=66
[11:43:05]   obs_work_201: ok (10s, 126 chars)
[11:43:05]   obs_work_202: calling (53,031 char prompt)  [work 202/284]
[11:43:15]     usage: prompt=13426 thoughts=1846 answer=65
[11:43:15]   obs_work_202: ok (11s, 126 chars)
[11:43:15]   obs_work_203: calling (58,750 char prompt)  [work 203/284]
[11:43:30]     usage: prompt=15664 thoughts=3187 answer=219
[11:43:30]   obs_work_203: ok (15s, 767 chars)
[11:43:30]   obs_work_204: calling (52,671 char prompt)  [work 204/284]
[11:44:04]     usage: prompt=14359 thoughts=4161 answer=356
[11:44:04]   obs_work_204: ok (34s, 1,289 chars)
[11:44:04]   obs_work_205: calling (55,043 char prompt)  [work 205/284]
[11:44:15]     usage: prompt=14317 thoughts=1758 answer=67
[11:44:15]   obs_work_205: ok (10s, 127 chars)
[11:44:15]   obs_work_206: calling (52,687 char prompt)  [work 206/284]
[11:44:22]     usage: prompt=13318 thoughts=1009 answer=179
[11:44:22]   obs_work_206: ok (7s, 661 chars)
[11:44:22]   obs_work_207: calling (68,167 char prompt)  [work 207/284]
[11:44:34]     usage: prompt=17689 thoughts=2429 answer=115
[11:44:34]   obs_work_207: ok (13s, 232 chars)
[11:44:34]   obs_work_208: calling (37,625 char prompt)  [work 208/284]
[11:44:42]     usage: prompt=8985 thoughts=1533 answer=68
[11:44:42]   obs_work_208: ok (8s, 127 chars)
[11:44:42]   obs_work_209: calling (44,037 char prompt)  [work 209/284]
[11:44:50]     usage: prompt=10463 thoughts=1203 answer=65
[11:44:50]   obs_work_209: ok (7s, 127 chars)
[11:44:50]   obs_work_210: calling (43,296 char prompt)  [work 210/284]
[11:45:09]     usage: prompt=11005 thoughts=3862 answer=202
[11:45:09]   obs_work_210: ok (19s, 706 chars)
[11:45:09]   obs_work_211: calling (54,411 char prompt)  [work 211/284]
[11:45:24]     usage: prompt=13451 thoughts=2986 answer=47
[11:45:24]   obs_work_211: ok (15s, 91 chars)
[11:45:24]   obs_work_212: calling (70,995 char prompt)  [work 212/284]
[11:45:56]     usage: prompt=16477 thoughts=5546 answer=943
[11:45:56]   obs_work_212: ok (32s, 3,485 chars)
[11:45:56]   obs_work_213: calling (50,150 char prompt)  [work 213/284]
[11:46:08]     usage: prompt=11904 thoughts=1835 answer=67
[11:46:08]   obs_work_213: ok (12s, 127 chars)
[11:46:08]   obs_work_214: calling (39,658 char prompt)  [work 214/284]
[11:46:17]     usage: prompt=9632 thoughts=1709 answer=66
[11:46:17]   obs_work_214: ok (9s, 127 chars)
[11:46:17]   obs_work_215: calling (44,777 char prompt)  [work 215/284]
[11:46:25]     usage: prompt=11236 thoughts=1283 answer=65
[11:46:25]   obs_work_215: ok (8s, 127 chars)
[11:46:25]   obs_work_216: calling (43,929 char prompt)  [work 216/284]
[11:46:39]     usage: prompt=10758 thoughts=2694 answer=66
[11:46:39]   obs_work_216: ok (14s, 126 chars)
[11:46:39]   obs_work_217: calling (40,266 char prompt)  [work 217/284]
[11:46:55]     usage: prompt=9968 thoughts=2945 answer=65
[11:46:55]   obs_work_217: ok (16s, 126 chars)
[11:46:55]   obs_work_218: calling (52,145 char prompt)  [work 218/284]
[11:47:07]     usage: prompt=12291 thoughts=1941 answer=64
[11:47:07]   obs_work_218: ok (12s, 127 chars)
[11:47:07]   obs_work_219: calling (41,856 char prompt)  [work 219/284]
[11:47:23]     usage: prompt=11657 thoughts=1872 answer=63
[11:47:23]   obs_work_219: ok (16s, 126 chars)
[11:47:23]   obs_work_220: calling (35,478 char prompt)  [work 220/284]
[11:47:30]     usage: prompt=9914 thoughts=1272 answer=67
[11:47:30]   obs_work_220: ok (7s, 127 chars)
[11:47:30]   obs_work_221: calling (53,460 char prompt)  [work 221/284]
[11:47:43]     usage: prompt=11998 thoughts=2428 answer=173
[11:47:43]   obs_work_221: ok (13s, 661 chars)
[11:47:43]   obs_work_222: calling (63,032 char prompt)  [work 222/284]
[11:48:00]     usage: prompt=13864 thoughts=3081 answer=182
[11:48:00]   obs_work_222: ok (17s, 672 chars)
[11:48:00]   obs_work_223: calling (55,370 char prompt)  [work 223/284]
[11:48:05]   [!] transient error (attempt 1/5), retry in 5s: HTTP Error 503: Service Unavailable
[11:48:19]     usage: prompt=13069 thoughts=1761 answer=62
[11:48:19]   obs_work_223: ok (19s, 127 chars)
[11:48:19]   obs_work_224: calling (44,907 char prompt)  [work 224/284]
[11:48:36]     usage: prompt=10966 thoughts=2812 answer=195
[11:48:36]   obs_work_224: ok (16s, 646 chars)
[11:48:36]   obs_work_225: calling (37,325 char prompt)  [work 225/284]
[11:48:43]     usage: prompt=8875 thoughts=1020 answer=66
[11:48:43]   obs_work_225: ok (7s, 126 chars)
[11:48:43]   obs_work_226: calling (67,098 char prompt)  [work 226/284]
[11:49:07]     usage: prompt=16238 thoughts=4806 answer=294
[11:49:07]   obs_work_226: ok (24s, 1,058 chars)
[11:49:07]   obs_work_227: calling (44,790 char prompt)  [work 227/284]
[11:49:21]     usage: prompt=10309 thoughts=2405 answer=65
[11:49:21]   obs_work_227: ok (14s, 127 chars)
[11:49:21]   obs_work_228: calling (45,311 char prompt)  [work 228/284]
[11:49:27]     usage: prompt=11168 thoughts=1052 answer=66
[11:49:27]   obs_work_228: ok (6s, 127 chars)
[11:49:27]   obs_work_229: calling (39,143 char prompt)  [work 229/284]
[11:49:35]     usage: prompt=9817 thoughts=1504 answer=66
[11:49:35]   obs_work_229: ok (8s, 127 chars)
[11:49:35]   obs_work_230: calling (46,133 char prompt)  [work 230/284]
[11:49:45]     usage: prompt=11261 thoughts=1808 answer=67
[11:49:45]   obs_work_230: ok (10s, 127 chars)
[11:49:45]   obs_work_231: calling (56,148 char prompt)  [work 231/284]
[11:49:56]     usage: prompt=13466 thoughts=2001 answer=67
[11:49:56]   obs_work_231: ok (11s, 126 chars)
[11:49:56]   obs_work_232: calling (44,541 char prompt)  [work 232/284]
[11:50:05]     usage: prompt=11935 thoughts=1630 answer=65
[11:50:05]   obs_work_232: ok (9s, 126 chars)
[11:50:05]   obs_work_233: calling (46,905 char prompt)  [work 233/284]
[11:50:18]     usage: prompt=12401 thoughts=2444 answer=65
[11:50:18]   obs_work_233: ok (13s, 126 chars)
[11:50:18]   obs_work_234: calling (37,920 char prompt)  [work 234/284]
[11:50:34]     usage: prompt=9511 thoughts=3049 answer=295
[11:50:34]   obs_work_234: ok (15s, 1,157 chars)
[11:50:34]   obs_work_235: calling (46,921 char prompt)  [work 235/284]
[11:50:44]     usage: prompt=11571 thoughts=1883 answer=189
[11:50:44]   obs_work_235: ok (11s, 648 chars)
[11:50:44]   obs_work_236: calling (40,582 char prompt)  [work 236/284]
[11:50:58]   [!] transient error (attempt 1/5), retry in 5s: HTTP Error 503: Service Unavailable
[11:51:27]     usage: prompt=10711 thoughts=4034 answer=350
[11:51:27]   obs_work_236: ok (42s, 1,305 chars)
[11:51:27]   obs_work_237: calling (40,761 char prompt)  [work 237/284]
[11:51:43]     usage: prompt=10480 thoughts=2973 answer=281
[11:51:43]   obs_work_237: ok (17s, 935 chars)
[11:51:43]   obs_work_238: calling (54,105 char prompt)  [work 238/284]
[11:52:07]     usage: prompt=13086 thoughts=3616 answer=263
[11:52:07]   obs_work_238: ok (24s, 979 chars)
[11:52:07]   obs_work_239: calling (48,826 char prompt)  [work 239/284]
[11:52:16]     usage: prompt=11821 thoughts=1229 answer=138
[11:52:16]   obs_work_239: ok (9s, 538 chars)
[11:52:16]   obs_work_240: calling (38,128 char prompt)  [work 240/284]
[11:52:27]     usage: prompt=9398 thoughts=1660 answer=63
[11:52:27]   obs_work_240: ok (11s, 126 chars)
[11:52:27]   obs_work_241: calling (47,907 char prompt)  [work 241/284]
[11:52:35]     usage: prompt=11388 thoughts=1118 answer=45
[11:52:35]   obs_work_241: ok (7s, 90 chars)
[11:52:35]   obs_work_242: calling (72,177 char prompt)  [work 242/284]
[11:52:52]     usage: prompt=18093 thoughts=3246 answer=231
[11:52:52]   obs_work_242: ok (17s, 708 chars)
[11:52:52]   obs_work_243: calling (47,918 char prompt)  [work 243/284]
[11:53:05]     usage: prompt=11567 thoughts=1406 answer=63
[11:53:05]   obs_work_243: ok (14s, 126 chars)
[11:53:05]   obs_work_244: calling (56,319 char prompt)  [work 244/284]
[11:53:17]     usage: prompt=13290 thoughts=1037 answer=66
[11:53:17]   obs_work_244: ok (12s, 126 chars)
[11:53:17]   obs_work_245: calling (45,173 char prompt)  [work 245/284]
[11:53:36]     usage: prompt=11376 thoughts=3966 answer=205
[11:53:36]   obs_work_245: ok (19s, 669 chars)
[11:53:36]   obs_work_246: calling (41,535 char prompt)  [work 246/284]
[11:53:47]     usage: prompt=10752 thoughts=2052 answer=176
[11:53:47]   obs_work_246: ok (11s, 589 chars)
[11:53:47]   obs_work_247: calling (47,506 char prompt)  [work 247/284]
[11:54:28]   [!] transient error (attempt 1/5), retry in 5s: HTTP Error 503: Service Unavailable
[11:54:42]     usage: prompt=11226 thoughts=1659 answer=64
[11:54:42]   obs_work_247: ok (55s, 126 chars)
[11:54:42]   obs_work_248: calling (57,242 char prompt)  [work 248/284]
[11:54:53]     usage: prompt=13411 thoughts=2007 answer=64
[11:54:53]   obs_work_248: ok (11s, 126 chars)
[11:54:53]   obs_work_249: calling (35,753 char prompt)  [work 249/284]
[11:55:02]     usage: prompt=8766 thoughts=1589 answer=64
[11:55:02]   obs_work_249: ok (9s, 127 chars)
[11:55:02]   obs_work_250: calling (47,338 char prompt)  [work 250/284]
[11:55:20]     usage: prompt=11120 thoughts=3196 answer=164
[11:55:20]   obs_work_250: ok (18s, 602 chars)
[11:55:20]   obs_work_251: calling (72,762 char prompt)  [work 251/284]
[11:55:33]     usage: prompt=17780 thoughts=2216 answer=66
[11:55:33]   obs_work_251: ok (13s, 126 chars)
[11:55:33]   obs_work_252: calling (66,491 char prompt)  [work 252/284]
[11:55:50]     usage: prompt=16423 thoughts=3034 answer=160
[11:55:50]   obs_work_252: ok (17s, 524 chars)
[11:55:50]   obs_work_253: calling (43,251 char prompt)  [work 253/284]
[11:55:55]     usage: prompt=10262 thoughts=1095 answer=67
[11:55:55]   obs_work_253: ok (6s, 126 chars)
[11:55:55]   obs_work_254: calling (47,785 char prompt)  [work 254/284]
[11:56:12]     usage: prompt=11392 thoughts=3241 answer=248
[11:56:12]   obs_work_254: ok (16s, 930 chars)
[11:56:12]   obs_work_255: calling (49,711 char prompt)  [work 255/284]
[11:56:21]     usage: prompt=11995 thoughts=1707 answer=61
[11:56:21]   obs_work_255: ok (9s, 126 chars)
[11:56:21]   obs_work_256: calling (51,029 char prompt)  [work 256/284]
[11:56:35]     usage: prompt=12165 thoughts=1342 answer=64
[11:56:35]   obs_work_256: ok (14s, 127 chars)
[11:56:35]   obs_work_257: calling (39,589 char prompt)  [work 257/284]
[11:56:51]     usage: prompt=9860 thoughts=2402 answer=485
[11:56:51]   obs_work_257: ok (16s, 2,044 chars)
[11:56:51]   obs_work_258: calling (50,756 char prompt)  [work 258/284]
[11:57:00]     usage: prompt=12039 thoughts=1513 answer=65
[11:57:00]   obs_work_258: ok (9s, 126 chars)
[11:57:00]   obs_work_259: calling (50,083 char prompt)  [work 259/284]
[11:57:11]     usage: prompt=11597 thoughts=1997 answer=45
[11:57:11]   obs_work_259: ok (11s, 91 chars)
[11:57:11]   obs_work_260: calling (48,822 char prompt)  [work 260/284]
[11:57:18]   [!] transient error (attempt 1/5), retry in 5s: HTTP Error 503: Service Unavailable
[11:57:31]     usage: prompt=11396 thoughts=1217 answer=67
[11:57:31]   obs_work_260: ok (20s, 127 chars)
[11:57:31]   obs_work_261: calling (45,993 char prompt)  [work 261/284]
[11:57:42]     usage: prompt=11204 thoughts=2008 answer=172
[11:57:42]   obs_work_261: ok (11s, 607 chars)
[11:57:42]   obs_work_262: calling (38,983 char prompt)  [work 262/284]
[11:58:11]     usage: prompt=9620 thoughts=4197 answer=221
[11:58:11]   obs_work_262: ok (29s, 811 chars)
[11:58:11]   obs_work_263: calling (54,837 char prompt)  [work 263/284]
[11:58:24]     usage: prompt=12613 thoughts=2463 answer=67
[11:58:24]   obs_work_263: ok (14s, 127 chars)
[11:58:24]   obs_work_264: calling (48,427 char prompt)  [work 264/284]
[11:58:34]     usage: prompt=11051 thoughts=1824 answer=64
[11:58:34]   obs_work_264: ok (10s, 126 chars)
[11:58:34]   obs_work_265: calling (48,273 char prompt)  [work 265/284]
[11:58:45]     usage: prompt=11402 thoughts=2157 answer=66
[11:58:45]   obs_work_265: ok (11s, 127 chars)
[11:58:45]   obs_work_266: calling (42,001 char prompt)  [work 266/284]
[11:58:58]     usage: prompt=10548 thoughts=2072 answer=167
[11:58:58]   obs_work_266: ok (13s, 562 chars)
[11:58:58]   obs_work_267: calling (46,892 char prompt)  [work 267/284]
[11:59:13]     usage: prompt=11185 thoughts=2943 answer=153
[11:59:13]   obs_work_267: ok (15s, 517 chars)
[11:59:13]   obs_work_268: calling (41,455 char prompt)  [work 268/284]
[11:59:23]   [!] transient error (attempt 1/5), retry in 5s: HTTP Error 503: Service Unavailable
[11:59:39]     usage: prompt=10425 thoughts=1868 answer=65
[11:59:39]   obs_work_268: ok (25s, 126 chars)
[11:59:39]   obs_work_269: calling (50,497 char prompt)  [work 269/284]
[11:59:56]     usage: prompt=12985 thoughts=2766 answer=264
[11:59:56]   obs_work_269: ok (17s, 906 chars)
[11:59:56]   obs_work_270: calling (50,906 char prompt)  [work 270/284]
[12:00:14]     usage: prompt=13037 thoughts=2419 answer=45
[12:00:14]   obs_work_270: ok (19s, 91 chars)
[12:00:14]   obs_work_271: calling (49,682 char prompt)  [work 271/284]
[12:00:57]     usage: prompt=11751 thoughts=8301 answer=56
[12:00:57]   obs_work_271: ok (42s, 118 chars)
[12:00:57]   obs_work_272: calling (52,449 char prompt)  [work 272/284]
[12:01:07]     usage: prompt=12148 thoughts=1872 answer=177
[12:01:07]   obs_work_272: ok (11s, 660 chars)
[12:01:07]   obs_work_273: calling (42,823 char prompt)  [work 273/284]
[12:01:24]     usage: prompt=10215 thoughts=2539 answer=63
[12:01:24]   obs_work_273: ok (17s, 127 chars)
[12:01:24]   obs_work_274: calling (38,936 char prompt)  [work 274/284]
[12:01:34]     usage: prompt=9495 thoughts=1827 answer=64
[12:01:34]   obs_work_274: ok (10s, 126 chars)
[12:01:34]   obs_work_275: calling (45,146 char prompt)  [work 275/284]
[12:01:52]     usage: prompt=11256 thoughts=2324 answer=189
[12:01:52]   obs_work_275: ok (18s, 718 chars)
[12:01:52]   obs_work_276: calling (51,303 char prompt)  [work 276/284]
[12:02:09]     usage: prompt=11924 thoughts=2970 answer=156
[12:02:09]   obs_work_276: ok (17s, 618 chars)
[12:02:09]   obs_work_277: calling (52,342 char prompt)  [work 277/284]
[12:02:29]     usage: prompt=13038 thoughts=3543 answer=199
[12:02:29]   obs_work_277: ok (20s, 722 chars)
[12:02:29]   obs_work_278: calling (50,655 char prompt)  [work 278/284]
[12:02:46]     usage: prompt=12283 thoughts=3060 answer=160
[12:02:46]   obs_work_278: ok (17s, 575 chars)
[12:02:46]   obs_work_279: calling (53,116 char prompt)  [work 279/284]
[12:02:57]     usage: prompt=12267 thoughts=1899 answer=66
[12:02:57]   obs_work_279: ok (11s, 127 chars)
[12:02:57]   obs_work_280: calling (44,910 char prompt)  [work 280/284]
[12:03:11]     usage: prompt=9975 thoughts=2313 answer=150
[12:03:11]   obs_work_280: ok (14s, 538 chars)
[12:03:11]   obs_work_281: calling (52,518 char prompt)  [work 281/284]
[12:03:30]     usage: prompt=13070 thoughts=3425 answer=293
[12:03:30]   obs_work_281: ok (19s, 1,057 chars)
[12:03:30]   obs_work_282: calling (56,402 char prompt)  [work 282/284]
[12:03:43]     usage: prompt=14086 thoughts=2549 answer=182
[12:03:43]   obs_work_282: ok (13s, 678 chars)
[12:03:43]   obs_work_283: calling (45,527 char prompt)  [work 283/284]
[12:04:01]     usage: prompt=11184 thoughts=3236 answer=65
[12:04:01]   obs_work_283: ok (18s, 127 chars)
[12:04:01]   obs_work_284: calling (57,192 char prompt)  [work 284/284]
[12:04:12]     usage: prompt=13578 thoughts=2022 answer=65
[12:04:12]   obs_work_284: ok (11s, 127 chars)
[12:04:12]   obs_conformance_1: calling (250,726 char prompt)  [conformance 1/56]
[12:04:42]   [!] transient error (attempt 1/5), retry in 5s: HTTP Error 503: Service Unavailable
[12:05:56]     usage: prompt=60503 thoughts=15016 answer=840
[12:05:56]   obs_conformance_1: ok (105s, 3,129 chars)
[12:05:56]   obs_conformance_2: calling (222,469 char prompt)  [conformance 2/56]
[12:06:39]     usage: prompt=54772 thoughts=9353 answer=530
[12:06:39]   obs_conformance_2: ok (43s, 1,824 chars)
[12:06:39]   obs_conformance_3: calling (258,246 char prompt)  [conformance 3/56]
[12:07:13]     usage: prompt=63795 thoughts=5635 answer=406
[12:07:13]   obs_conformance_3: ok (33s, 1,110 chars)
[12:07:13]   obs_conformance_4: calling (260,727 char prompt)  [conformance 4/56]
[12:08:00]     usage: prompt=64494 thoughts=10247 answer=346
[12:08:00]   obs_conformance_4: ok (47s, 852 chars)
[12:08:00]   obs_conformance_5: calling (224,627 char prompt)  [conformance 5/56]
[12:08:38]     usage: prompt=55175 thoughts=8060 answer=660
[12:08:38]   obs_conformance_5: ok (38s, 2,120 chars)
[12:08:38]   obs_conformance_6: calling (226,732 char prompt)  [conformance 6/56]
[12:09:30]     usage: prompt=55297 thoughts=11546 answer=644
[12:09:30]   obs_conformance_6: ok (52s, 2,193 chars)
[12:09:30]   obs_conformance_7: calling (239,526 char prompt)  [conformance 7/56]
[12:10:15]     usage: prompt=54676 thoughts=9802 answer=492
[12:10:15]   obs_conformance_7: ok (45s, 1,670 chars)
[12:10:15]   obs_conformance_8: calling (233,741 char prompt)  [conformance 8/56]
[12:11:10]     usage: prompt=56723 thoughts=11818 answer=788
[12:11:10]   obs_conformance_8: ok (55s, 2,769 chars)
[12:11:10]   obs_conformance_9: calling (211,795 char prompt)  [conformance 9/56]
[12:12:02]     usage: prompt=51045 thoughts=11780 answer=779
[12:12:02]   obs_conformance_9: ok (52s, 2,885 chars)
[12:12:02]   obs_conformance_10: calling (241,405 char prompt)  [conformance 10/56]
[12:12:51]     usage: prompt=56963 thoughts=10789 answer=526
[12:12:51]   obs_conformance_10: ok (49s, 1,691 chars)
[12:12:51]   obs_conformance_11: calling (228,318 char prompt)  [conformance 11/56]
[12:13:34]     usage: prompt=54511 thoughts=7773 answer=545
[12:13:34]   obs_conformance_11: ok (43s, 1,607 chars)
[12:13:34]   obs_conformance_12: calling (227,982 char prompt)  [conformance 12/56]
[12:14:08]   [!] transient error (attempt 1/5), retry in 5s: HTTP Error 503: Service Unavailable
[12:14:58]     usage: prompt=54661 thoughts=7903 answer=643
[12:14:58]   obs_conformance_12: ok (84s, 2,204 chars)
[12:14:58]   obs_conformance_13: calling (238,716 char prompt)  [conformance 13/56]
[12:15:25]   [!] transient error (attempt 1/5), retry in 5s: HTTP Error 503: Service Unavailable
[12:16:25]     usage: prompt=57301 thoughts=12435 answer=1183
[12:16:25]   obs_conformance_13: ok (87s, 4,493 chars)
[12:16:25]   obs_conformance_14: calling (240,908 char prompt)  [conformance 14/56]
[12:17:06]     usage: prompt=60126 thoughts=9206 answer=554
[12:17:06]   obs_conformance_14: ok (41s, 1,796 chars)
[12:17:06]   obs_conformance_15: calling (224,691 char prompt)  [conformance 15/56]
[12:18:13]     usage: prompt=51412 thoughts=15450 answer=425
[12:18:13]   obs_conformance_15: ok (68s, 1,347 chars)
[12:18:14]   obs_conformance_16: calling (232,649 char prompt)  [conformance 16/56]
[12:37:18] excluding 100 tasks generation already read (300 traces)
[12:37:19] fresh corpus: 450 unseen tasks
[12:37:20] fixed sample: 300 trace ids from benchmarks/hover/traces/traces-3/generation/samples/sample-2/trace_ids.txt, all fresh
[12:37:21] fresh traces available: 300
[12:37:21]   obs_work_1: already done
[12:37:21]   obs_work_2: already done
[12:37:21]   obs_work_3: already done
[12:37:21]   obs_work_4: already done
[12:37:21]   obs_work_5: already done
[12:37:21]   obs_work_6: already done
[12:37:21]   obs_work_7: already done
[12:37:21]   obs_work_8: already done
[12:37:21]   obs_work_9: already done
[12:37:21]   obs_work_10: already done
[12:37:21]   obs_work_11: already done
[12:37:21]   obs_work_12: already done
[12:37:21]   obs_work_13: already done
[12:37:21]   obs_work_14: already done
[12:37:21]   obs_work_15: already done
[12:37:21]   obs_work_16: already done
[12:37:21]   obs_work_17: already done
[12:37:21]   obs_work_18: already done
[12:37:21]   obs_work_19: already done
[12:37:21]   obs_work_20: already done
[12:37:21]   obs_work_21: already done
[12:37:21]   obs_work_22: already done
[12:37:21]   obs_work_23: already done
[12:37:21]   obs_work_24: already done
[12:37:21]   obs_work_25: already done
[12:37:21]   obs_work_26: already done
[12:37:21]   obs_work_27: already done
[12:37:21]   obs_work_28: already done
[12:37:21]   obs_work_29: already done
[12:37:21]   obs_work_30: already done
[12:37:21]   obs_work_31: already done
[12:37:21]   obs_work_32: already done
[12:37:21]   obs_work_33: already done
[12:37:21]   obs_work_34: already done
[12:37:21]   obs_work_35: already done
[12:37:21]   obs_work_36: already done
[12:37:21]   obs_work_37: already done
[12:37:21]   obs_work_38: already done
[12:37:21]   obs_work_39: already done
[12:37:21]   obs_work_40: already done
[12:37:21]   obs_work_41: already done
[12:37:21]   obs_work_42: already done
[12:37:21]   obs_work_43: already done
[12:37:21]   obs_work_44: already done
[12:37:21]   obs_work_45: already done
[12:37:21]   obs_work_46: already done
[12:37:21]   obs_work_47: already done
[12:37:21]   obs_work_48: already done
[12:37:21]   obs_work_49: already done
[12:37:21]   obs_work_50: already done
[12:37:21]   obs_work_51: already done
[12:37:21]   obs_work_52: already done
[12:37:21]   obs_work_53: already done
[12:37:21]   obs_work_54: already done
[12:37:21]   obs_work_55: already done
[12:37:21]   obs_work_56: already done
[12:37:21]   obs_work_57: already done
[12:37:21]   obs_work_58: already done
[12:37:21]   obs_work_59: already done
[12:37:21]   obs_work_60: already done
[12:37:21]   obs_work_61: already done
[12:37:21]   obs_work_62: already done
[12:37:21]   obs_work_63: already done
[12:37:21]   obs_work_64: already done
[12:37:21]   obs_work_65: already done
[12:37:21]   obs_work_66: already done
[12:37:21]   obs_work_67: already done
[12:37:21]   obs_work_68: already done
[12:37:21]   obs_work_69: already done
[12:37:21]   obs_work_70: already done
[12:37:21]   obs_work_71: already done
[12:37:21]   obs_work_72: already done
[12:37:21]   obs_work_73: already done
[12:37:21]   obs_work_74: already done
[12:37:21]   obs_work_75: already done
[12:37:21]   obs_work_76: already done
[12:37:21]   obs_work_77: already done
[12:37:21]   obs_work_78: already done
[12:37:21]   obs_work_79: already done
[12:37:21]   obs_work_80: already done
[12:37:21]   obs_work_81: already done
[12:37:21]   obs_work_82: already done
[12:37:21]   obs_work_83: already done
[12:37:21]   obs_work_84: already done
[12:37:21]   obs_work_85: already done
[12:37:21]   obs_work_86: already done
[12:37:21]   obs_work_87: already done
[12:37:21]   obs_work_88: already done
[12:37:21]   obs_work_89: already done
[12:37:21]   obs_work_90: already done
[12:37:21]   obs_work_91: already done
[12:37:21]   obs_work_92: already done
[12:37:21]   obs_work_93: already done
[12:37:21]   obs_work_94: already done
[12:37:21]   obs_work_95: already done
[12:37:21]   obs_work_96: already done
[12:37:21]   obs_work_97: already done
[12:37:21]   obs_work_98: already done
[12:37:21]   obs_work_99: already done
[12:37:21]   obs_work_100: already done
[12:37:21]   obs_work_101: already done
[12:37:21]   obs_work_102: already done
[12:37:21]   obs_work_103: already done
[12:37:21]   obs_work_104: already done
[12:37:21]   obs_work_105: already done
[12:37:21]   obs_work_106: already done
[12:37:21]   obs_work_107: already done
[12:37:21]   obs_work_108: already done
[12:37:21]   obs_work_109: already done
[12:37:21]   obs_work_110: already done
[12:37:21]   obs_work_111: already done
[12:37:21]   obs_work_112: already done
[12:37:21]   obs_work_113: already done
[12:37:21]   obs_work_114: already done
[12:37:21]   obs_work_115: already done
[12:37:21]   obs_work_116: already done
[12:37:21]   obs_work_117: already done
[12:37:21]   obs_work_118: already done
[12:37:21]   obs_work_119: already done
[12:37:21]   obs_work_120: already done
[12:37:21]   obs_work_121: already done
[12:37:21]   obs_work_122: already done
[12:37:21]   obs_work_123: already done
[12:37:21]   obs_work_124: already done
[12:37:21]   obs_work_125: already done
[12:37:21]   obs_work_126: already done
[12:37:21]   obs_work_127: already done
[12:37:21]   obs_work_128: already done
[12:37:21]   obs_work_129: already done
[12:37:21]   obs_work_130: already done
[12:37:21]   obs_work_131: already done
[12:37:21]   obs_work_132: already done
[12:37:21]   obs_work_133: already done
[12:37:21]   obs_work_134: already done
[12:37:21]   obs_work_135: already done
[12:37:21]   obs_work_136: already done
[12:37:21]   obs_work_137: already done
[12:37:21]   obs_work_138: already done
[12:37:21]   obs_work_139: already done
[12:37:21]   obs_work_140: already done
[12:37:21]   obs_work_141: already done
[12:37:21]   obs_work_142: already done
[12:37:21]   obs_work_143: already done
[12:37:21]   obs_work_144: already done
[12:37:21]   obs_work_145: already done
[12:37:21]   obs_work_146: already done
[12:37:21]   obs_work_147: already done
[12:37:21]   obs_work_148: already done
[12:37:21]   obs_work_149: already done
[12:37:21]   obs_work_150: already done
[12:37:21]   obs_work_151: already done
[12:37:21]   obs_work_152: already done
[12:37:21]   obs_work_153: already done
[12:37:21]   obs_work_154: already done
[12:37:21]   obs_work_155: already done
[12:37:21]   obs_work_156: already done
[12:37:21]   obs_work_157: already done
[12:37:21]   obs_work_158: already done
[12:37:21]   obs_work_159: already done
[12:37:21]   obs_work_160: already done
[12:37:21]   obs_work_161: already done
[12:37:21]   obs_work_162: already done
[12:37:21]   obs_work_163: already done
[12:37:21]   obs_work_164: already done
[12:37:21]   obs_work_165: already done
[12:37:21]   obs_work_166: already done
[12:37:21]   obs_work_167: already done
[12:37:21]   obs_work_168: already done
[12:37:21]   obs_work_169: already done
[12:37:21]   obs_work_170: already done
[12:37:21]   obs_work_171: already done
[12:37:21]   obs_work_172: already done
[12:37:21]   obs_work_173: already done
[12:37:21]   obs_work_174: already done
[12:37:21]   obs_work_175: already done
[12:37:21]   obs_work_176: already done
[12:37:21]   obs_work_177: already done
[12:37:21]   obs_work_178: already done
[12:37:21]   obs_work_179: already done
[12:37:21]   obs_work_180: already done
[12:37:21]   obs_work_181: already done
[12:37:21]   obs_work_182: already done
[12:37:21]   obs_work_183: already done
[12:37:21]   obs_work_184: already done
[12:37:21]   obs_work_185: already done
[12:37:21]   obs_work_186: already done
[12:37:21]   obs_work_187: already done
[12:37:21]   obs_work_188: already done
[12:37:21]   obs_work_189: already done
[12:37:21]   obs_work_190: already done
[12:37:21]   obs_work_191: already done
[12:37:21]   obs_work_192: already done
[12:37:21]   obs_work_193: already done
[12:37:21]   obs_work_194: already done
[12:37:21]   obs_work_195: already done
[12:37:21]   obs_work_196: already done
[12:37:21]   obs_work_197: already done
[12:37:21]   obs_work_198: already done
[12:37:21]   obs_work_199: already done
[12:37:21]   obs_work_200: already done
[12:37:21]   obs_work_201: already done
[12:37:21]   obs_work_202: already done
[12:37:21]   obs_work_203: already done
[12:37:21]   obs_work_204: already done
[12:37:21]   obs_work_205: already done
[12:37:21]   obs_work_206: already done
[12:37:21]   obs_work_207: already done
[12:37:21]   obs_work_208: already done
[12:37:21]   obs_work_209: already done
[12:37:21]   obs_work_210: already done
[12:37:21]   obs_work_211: already done
[12:37:21]   obs_work_212: already done
[12:37:21]   obs_work_213: already done
[12:37:21]   obs_work_214: already done
[12:37:21]   obs_work_215: already done
[12:37:21]   obs_work_216: already done
[12:37:21]   obs_work_217: already done
[12:37:21]   obs_work_218: already done
[12:37:21]   obs_work_219: already done
[12:37:21]   obs_work_220: already done
[12:37:21]   obs_work_221: already done
[12:37:21]   obs_work_222: already done
[12:37:21]   obs_work_223: already done
[12:37:21]   obs_work_224: already done
[12:37:21]   obs_work_225: already done
[12:37:21]   obs_work_226: already done
[12:37:21]   obs_work_227: already done
[12:37:21]   obs_work_228: already done
[12:37:21]   obs_work_229: already done
[12:37:21]   obs_work_230: already done
[12:37:21]   obs_work_231: already done
[12:37:21]   obs_work_232: already done
[12:37:21]   obs_work_233: already done
[12:37:21]   obs_work_234: already done
[12:37:21]   obs_work_235: already done
[12:37:21]   obs_work_236: already done
[12:37:21]   obs_work_237: already done
[12:37:21]   obs_work_238: already done
[12:37:21]   obs_work_239: already done
[12:37:21]   obs_work_240: already done
[12:37:21]   obs_work_241: already done
[12:37:21]   obs_work_242: already done
[12:37:21]   obs_work_243: already done
[12:37:21]   obs_work_244: already done
[12:37:21]   obs_work_245: already done
[12:37:21]   obs_work_246: already done
[12:37:21]   obs_work_247: already done
[12:37:21]   obs_work_248: already done
[12:37:21]   obs_work_249: already done
[12:37:21]   obs_work_250: already done
[12:37:21]   obs_work_251: already done
[12:37:21]   obs_work_252: already done
[12:37:21]   obs_work_253: already done
[12:37:21]   obs_work_254: already done
[12:37:21]   obs_work_255: already done
[12:37:21]   obs_work_256: already done
[12:37:21]   obs_work_257: already done
[12:37:21]   obs_work_258: already done
[12:37:21]   obs_work_259: already done
[12:37:21]   obs_work_260: already done
[12:37:21]   obs_work_261: already done
[12:37:21]   obs_work_262: already done
[12:37:21]   obs_work_263: already done
[12:37:21]   obs_work_264: already done
[12:37:21]   obs_work_265: already done
[12:37:21]   obs_work_266: already done
[12:37:21]   obs_work_267: already done
[12:37:21]   obs_work_268: already done
[12:37:21]   obs_work_269: already done
[12:37:21]   obs_work_270: already done
[12:37:21]   obs_work_271: already done
[12:37:21]   obs_work_272: already done
[12:37:21]   obs_work_273: already done
[12:37:21]   obs_work_274: already done
[12:37:21]   obs_work_275: already done
[12:37:21]   obs_work_276: already done
[12:37:21]   obs_work_277: already done
[12:37:21]   obs_work_278: already done
[12:37:21]   obs_work_279: already done
[12:37:21]   obs_work_280: already done
[12:37:21]   obs_work_281: already done
[12:37:21]   obs_work_282: already done
[12:37:21]   obs_work_283: already done
[12:37:21]   obs_work_284: already done
[12:37:21]   obs_conformance_1: already done
[12:37:21]   obs_conformance_2: already done
[12:37:21]   obs_conformance_3: already done
[12:37:21]   obs_conformance_4: already done
[12:37:21]   obs_conformance_5: already done
[12:37:21]   obs_conformance_6: already done
[12:37:21]   obs_conformance_7: already done
[12:37:21]   obs_conformance_8: already done
[12:37:21]   obs_conformance_9: already done
[12:37:21]   obs_conformance_10: already done
[12:37:21]   obs_conformance_11: already done
[12:37:21]   obs_conformance_12: already done
[12:37:21]   obs_conformance_13: already done
[12:37:21]   obs_conformance_14: already done
[12:37:21]   obs_conformance_15: already done
[12:37:21]   obs_conformance_16: calling (232,649 char prompt)  [conformance 16/56]
[12:37:58]     usage: prompt=55897 thoughts=7908 answer=328
[12:37:58]   obs_conformance_16: ok (37s, 894 chars)
[12:37:58]   obs_conformance_17: calling (261,242 char prompt)  [conformance 17/56]
[12:38:45]     usage: prompt=63362 thoughts=9808 answer=1001
[12:38:45]   obs_conformance_17: ok (47s, 3,953 chars)
[12:38:45]   obs_conformance_18: calling (230,351 char prompt)  [conformance 18/56]
[12:39:31]     usage: prompt=56052 thoughts=9779 answer=453
[12:39:31]   obs_conformance_18: ok (46s, 1,268 chars)
[12:39:31]   obs_conformance_19: calling (258,524 char prompt)  [conformance 19/56]
[12:39:39]   [!] transient error (attempt 1/5), retry in 5s: HTTP Error 503: Service Unavailable
[12:41:03]     usage: prompt=63707 thoughts=12849 answer=451
[12:41:03]   obs_conformance_19: ok (92s, 1,253 chars)
[12:41:03]   obs_conformance_20: calling (221,848 char prompt)  [conformance 20/56]
[12:42:08]     usage: prompt=53904 thoughts=14801 answer=336
[12:42:08]   obs_conformance_20: ok (65s, 901 chars)
[12:42:08]   obs_conformance_21: calling (253,969 char prompt)  [conformance 21/56]
[12:42:37]     usage: prompt=59774 thoughts=5846 answer=458
[12:42:37]   obs_conformance_21: ok (29s, 1,418 chars)
[12:42:37]   obs_conformance_22: calling (245,170 char prompt)  [conformance 22/56]
[12:43:31]     usage: prompt=59900 thoughts=11386 answer=641
[12:43:31]   obs_conformance_22: ok (54s, 2,056 chars)
[12:43:31]   obs_conformance_23: calling (215,005 char prompt)  [conformance 23/56]
[12:44:03]     usage: prompt=52671 thoughts=6597 answer=397
[12:44:03]   obs_conformance_23: ok (32s, 1,144 chars)
[12:44:03]   obs_conformance_24: calling (260,772 char prompt)  [conformance 24/56]
[12:44:09]   [!] transient error (attempt 1/5), retry in 5s: HTTP Error 503: Service Unavailable
[12:45:21]     usage: prompt=61598 thoughts=11481 answer=1056
[12:45:21]   obs_conformance_24: ok (79s, 4,354 chars)
[12:45:21]   obs_conformance_25: calling (253,659 char prompt)  [conformance 25/56]
[12:45:51]     usage: prompt=61975 thoughts=6195 answer=505
[12:45:51]   obs_conformance_25: ok (30s, 1,539 chars)
[12:45:51]   obs_conformance_26: calling (246,135 char prompt)  [conformance 26/56]
[12:46:29]     usage: prompt=59768 thoughts=7870 answer=531
[12:46:29]   obs_conformance_26: ok (38s, 1,738 chars)
[12:46:29]   obs_conformance_27: calling (216,955 char prompt)  [conformance 27/56]
[12:47:04]     usage: prompt=51892 thoughts=5997 answer=271
[12:47:04]   obs_conformance_27: ok (35s, 703 chars)
[12:47:04]   obs_conformance_28: calling (266,452 char prompt)  [conformance 28/56]
[12:48:18]     usage: prompt=61308 thoughts=16422 answer=819
[12:48:18]   obs_conformance_28: ok (75s, 2,916 chars)
[12:48:18]   obs_conformance_29: calling (224,835 char prompt)  [conformance 29/56]
[12:49:04]     usage: prompt=51272 thoughts=6976 answer=411
[12:49:04]   obs_conformance_29: ok (46s, 1,141 chars)
[12:49:04]   obs_conformance_30: calling (240,459 char prompt)  [conformance 30/56]
[12:49:59]     usage: prompt=59802 thoughts=9694 answer=852
[12:49:59]   obs_conformance_30: ok (55s, 3,136 chars)
[12:49:59]   obs_conformance_31: calling (243,852 char prompt)  [conformance 31/56]
[12:50:55]     usage: prompt=56972 thoughts=12265 answer=572
[12:50:55]   obs_conformance_31: ok (56s, 1,977 chars)
[12:50:55]   obs_conformance_32: calling (221,637 char prompt)  [conformance 32/56]
[12:51:33]   [!] transient error (attempt 1/5), retry in 5s: HTTP Error 503: Service Unavailable
[12:52:07]     usage: prompt=53702 thoughts=5596 answer=861
[12:52:07]   obs_conformance_32: ok (72s, 3,212 chars)
[12:52:07]   obs_conformance_33: calling (244,938 char prompt)  [conformance 33/56]
[12:53:50]     usage: prompt=59814 thoughts=8985 answer=838
[12:53:50]   obs_conformance_33: ok (104s, 3,154 chars)
[12:53:50]   obs_conformance_34: calling (260,138 char prompt)  [conformance 34/56]
[12:54:52]     usage: prompt=63811 thoughts=8107 answer=517
[12:54:52]   obs_conformance_34: ok (62s, 1,617 chars)
[12:54:52]   obs_conformance_35: calling (246,471 char prompt)  [conformance 35/56]
[12:55:43]     usage: prompt=58861 thoughts=10862 answer=740
[12:55:43]   obs_conformance_35: ok (51s, 2,614 chars)
[12:55:43]   obs_conformance_36: calling (237,580 char prompt)  [conformance 36/56]
[12:58:19]     usage: prompt=55923 thoughts=9048 answer=526
[12:58:19]   obs_conformance_36: ok (156s, 1,620 chars)
[12:58:19]   obs_conformance_37: calling (250,558 char prompt)  [conformance 37/56]
[12:58:54]     usage: prompt=63862 thoughts=7241 answer=519
[12:58:54]   obs_conformance_37: ok (35s, 1,497 chars)
[12:58:54]   obs_conformance_38: calling (231,954 char prompt)  [conformance 38/56]
[13:00:59]     usage: prompt=57786 thoughts=8174 answer=424
[13:00:59]   obs_conformance_38: ok (124s, 1,282 chars)
[13:00:59]   obs_conformance_39: calling (242,745 char prompt)  [conformance 39/56]
[13:01:54]     usage: prompt=58026 thoughts=9942 answer=493
[13:01:54]   obs_conformance_39: ok (56s, 1,568 chars)
[13:01:54]   obs_conformance_40: calling (232,565 char prompt)  [conformance 40/56]
[13:02:35]     usage: prompt=56871 thoughts=8772 answer=572
[13:02:35]   obs_conformance_40: ok (41s, 1,838 chars)
[13:02:35]   obs_conformance_41: calling (262,068 char prompt)  [conformance 41/56]
[13:03:40]     usage: prompt=68244 thoughts=8695 answer=605
[13:03:40]   obs_conformance_41: ok (65s, 1,810 chars)
[13:03:40]   obs_conformance_42: calling (236,709 char prompt)  [conformance 42/56]
[13:04:23]     usage: prompt=59526 thoughts=9658 answer=442
[13:04:23]   obs_conformance_42: ok (43s, 1,235 chars)
[13:04:23]   obs_conformance_43: calling (250,888 char prompt)  [conformance 43/56]
[13:05:17]     usage: prompt=60766 thoughts=12465 answer=482
[13:05:17]   obs_conformance_43: ok (54s, 1,423 chars)
[13:05:17]   obs_conformance_44: calling (254,905 char prompt)  [conformance 44/56]
[13:05:57]     usage: prompt=63942 thoughts=8205 answer=616
[13:05:57]   obs_conformance_44: ok (41s, 1,925 chars)
[13:05:57]   obs_conformance_45: calling (258,629 char prompt)  [conformance 45/56]
[13:06:55]     usage: prompt=61078 thoughts=10857 answer=357
[13:06:55]   obs_conformance_45: ok (57s, 911 chars)
[13:06:55]   obs_conformance_46: calling (263,837 char prompt)  [conformance 46/56]
[13:07:38]     usage: prompt=65312 thoughts=7167 answer=650
[13:07:38]   obs_conformance_46: ok (43s, 2,108 chars)
[13:07:38]   obs_conformance_47: calling (254,965 char prompt)  [conformance 47/56]
[13:08:28]     usage: prompt=65116 thoughts=10707 answer=681
[13:08:28]   obs_conformance_47: ok (50s, 2,361 chars)
[13:08:28]   obs_conformance_48: calling (245,853 char prompt)  [conformance 48/56]
[13:08:37]   [!] transient error (attempt 1/5), retry in 5s: HTTP Error 503: Service Unavailable
[13:09:18]     usage: prompt=60333 thoughts=7737 answer=437
[13:09:18]   obs_conformance_48: ok (50s, 1,283 chars)
[13:09:18]   obs_conformance_49: calling (238,672 char prompt)  [conformance 49/56]
[13:10:37]     usage: prompt=58121 thoughts=10791 answer=468
[13:10:37]   obs_conformance_49: ok (78s, 1,427 chars)
[13:10:37]   obs_conformance_50: calling (256,492 char prompt)  [conformance 50/56]
[13:11:42]     usage: prompt=62417 thoughts=14664 answer=391
[13:11:42]   obs_conformance_50: ok (65s, 1,085 chars)
[13:11:42]   obs_conformance_51: calling (229,767 char prompt)  [conformance 51/56]
[13:13:16]     usage: prompt=55517 thoughts=8656 answer=637
[13:13:16]   obs_conformance_51: ok (94s, 2,171 chars)
[13:13:16]   obs_conformance_52: calling (229,615 char prompt)  [conformance 52/56]
[13:14:15]     usage: prompt=54496 thoughts=10475 answer=322
[13:14:15]   obs_conformance_52: ok (60s, 818 chars)
[13:14:15]   obs_conformance_53: calling (265,316 char prompt)  [conformance 53/56]
[13:14:54]     usage: prompt=64952 thoughts=7966 answer=736
[13:14:54]   obs_conformance_53: ok (39s, 2,351 chars)
[13:14:54]   obs_conformance_54: calling (225,693 char prompt)  [conformance 54/56]
[13:15:48]     usage: prompt=54712 thoughts=11939 answer=655
[13:15:48]   obs_conformance_54: ok (54s, 2,399 chars)
[13:15:48]   obs_conformance_55: calling (243,459 char prompt)  [conformance 55/56]
[13:16:28]     usage: prompt=58834 thoughts=7864 answer=912
[13:16:28]   obs_conformance_55: ok (40s, 3,417 chars)
[13:16:28]   obs_conformance_56: calling (247,446 char prompt)  [conformance 56/56]
[13:16:53]   [!] transient error (attempt 1/5), retry in 5s: HTTP Error 503: Service Unavailable
[13:17:42]     usage: prompt=59959 thoughts=9193 answer=500
[13:17:42]   obs_conformance_56: ok (75s, 1,656 chars)
[13:17:42] observed 379 findings on fresh traces (178 work)
[13:18:13]     usage: prompt=2872 thoughts=4453 answer=2098
[13:18:35]     usage: prompt=2850 thoughts=3186 answer=2029
[13:19:06]     usage: prompt=2789 thoughts=5388 answer=2020
[13:19:35]     usage: prompt=2850 thoughts=3731 answer=2296
[13:20:02]     usage: prompt=2862 thoughts=3675 answer=2044
[13:20:32]     usage: prompt=2718 thoughts=4415 answer=2382
[13:21:04]     usage: prompt=2902 thoughts=5059 answer=2265
[13:21:27]     usage: prompt=2400 thoughts=3045 answer=1996
[13:21:48]     usage: prompt=2315 thoughts=3495 answer=1332
[13:22:07]     usage: prompt=2349 thoughts=2983 answer=1306
[13:22:29]     usage: prompt=2418 thoughts=3206 answer=2016
[13:22:54]     usage: prompt=2417 thoughts=3270 answer=2164
[13:23:13]     usage: prompt=2376 thoughts=2428 answer=2019
[13:23:50]     usage: prompt=2328 thoughts=3430 answer=1980
[13:24:09]     usage: prompt=2402 thoughts=3046 answer=1401
[13:24:16]     usage: prompt=1751 thoughts=952 answer=340
[13:24:16] ============================================================
[13:24:16] 379 findings on 300 fresh traces
[13:24:16]   verdicts: {'covered': 363, 'loose': 16}
[13:24:16]   fitness: median 95, 16 below 80, 0 below 50
[13:24:16]   findings needing more than one code: 24
[13:24:16]   codes never matched at a good fit: 0 of 7
[13:24:16]   -> runs/taxgen-v4/hover-gaps/gaps.json  (46.9 min)
