[21:37:59] ==================================================================
[21:37:59] GENERATION v2  benchmark=hover  (no gate, no judge, no refinement)
[21:37:59] ==================================================================
[21:37:59] contracts: 4 agents, 35 clauses (5,371 chars) -- free
[21:37:59] fixed sample: 300 trace ids from benchmarks/hover/traces/traces-3/generation/samples/sample-1/trace_ids.txt
[21:38:02] traces: 300 over 100 tasks (3.0/task), full length, 12,971,759 chars -- free (278 work batches, 55 conformance)
[21:38:02]   outcome fields stripped before any prompt: none present
[21:38:02]   stage1_domain: calling (264,253 char prompt)
[21:38:10]   stage1_domain: ok (8s, 2,155 chars)
[21:38:10]   stage2w_work_1: calling (45,344 char prompt)  [work 1/278]
[21:38:21]   stage2w_work_1: ok (11s, 127 chars)
[21:38:21]   stage2w_work_2: calling (70,723 char prompt)  [work 2/278]
[21:38:35]   stage2w_work_2: ok (14s, 234 chars)
[21:38:35]   stage2w_work_3: calling (46,145 char prompt)  [work 3/278]
[21:38:51]   stage2w_work_3: ok (16s, 630 chars)
[21:38:51]   stage2w_work_4: calling (50,888 char prompt)  [work 4/278]
[21:39:04]   stage2w_work_4: ok (12s, 702 chars)
[21:39:04]   stage2w_work_5: calling (56,317 char prompt)  [work 5/278]
[21:39:11]   stage2w_work_5: ok (8s, 127 chars)
[21:39:11]   stage2w_work_6: calling (40,504 char prompt)  [work 6/278]
[21:39:23]   stage2w_work_6: ok (12s, 126 chars)
[21:39:23]   stage2w_work_7: calling (49,570 char prompt)  [work 7/278]
[21:39:35]   stage2w_work_7: ok (12s, 126 chars)
[21:39:35]   stage2w_work_8: calling (37,291 char prompt)  [work 8/278]
[21:39:46]   stage2w_work_8: ok (11s, 90 chars)
[21:39:46]   stage2w_work_9: calling (42,386 char prompt)  [work 9/278]
[21:40:00]   stage2w_work_9: ok (14s, 744 chars)
[21:40:00]   stage2w_work_10: calling (56,954 char prompt)  [work 10/278]
[21:40:14]   stage2w_work_10: ok (15s, 633 chars)
[21:40:14]   stage2w_work_11: calling (52,969 char prompt)  [work 11/278]
[21:40:26]   stage2w_work_11: ok (12s, 126 chars)
[21:40:26]   stage2w_work_12: calling (60,151 char prompt)  [work 12/278]
[21:41:02]   [!] transient error (attempt 1/5), retry in 5s: HTTP Error 503: Service Unavailable
[21:41:17]   stage2w_work_12: ok (51s, 126 chars)
[21:41:17]   stage2w_work_13: calling (61,474 char prompt)  [work 13/278]
[21:41:33]   stage2w_work_13: ok (16s, 545 chars)
[21:41:33]   stage2w_work_14: calling (61,343 char prompt)  [work 14/278]
[21:41:42]   stage2w_work_14: ok (9s, 126 chars)
[21:41:42]   stage2w_work_15: calling (35,427 char prompt)  [work 15/278]
[21:41:54]   stage2w_work_15: ok (12s, 607 chars)
[21:41:54]   stage2w_work_16: calling (43,032 char prompt)  [work 16/278]
[21:42:09]   stage2w_work_16: ok (14s, 127 chars)
[21:42:09]   stage2w_work_17: calling (45,290 char prompt)  [work 17/278]
[21:42:24]   stage2w_work_17: ok (15s, 604 chars)
[21:42:24]   stage2w_work_18: calling (71,134 char prompt)  [work 18/278]
[21:42:40]   stage2w_work_18: ok (16s, 950 chars)
[21:42:40]   stage2w_work_19: calling (41,014 char prompt)  [work 19/278]
[21:42:49]   stage2w_work_19: ok (9s, 126 chars)
[21:42:49]   stage2w_work_20: calling (39,585 char prompt)  [work 20/278]
[21:43:04]   stage2w_work_20: ok (15s, 1,106 chars)
[21:43:04]   stage2w_work_21: calling (38,684 char prompt)  [work 21/278]
[21:43:14]   stage2w_work_21: ok (11s, 1,021 chars)
[21:43:14]   stage2w_work_22: calling (50,266 char prompt)  [work 22/278]
[21:43:29]   stage2w_work_22: ok (15s, 645 chars)
[21:43:29]   stage2w_work_23: calling (39,104 char prompt)  [work 23/278]
[21:43:38]   stage2w_work_23: ok (9s, 704 chars)
[21:43:38]   stage2w_work_24: calling (50,405 char prompt)  [work 24/278]
[21:43:46]   stage2w_work_24: ok (9s, 127 chars)
[21:43:46]   stage2w_work_25: calling (52,839 char prompt)  [work 25/278]
[21:43:56]   stage2w_work_25: ok (9s, 127 chars)
[21:43:56]   stage2w_work_26: calling (62,145 char prompt)  [work 26/278]
[21:44:13]   stage2w_work_26: ok (17s, 958 chars)
[21:44:13]   stage2w_work_27: calling (46,019 char prompt)  [work 27/278]
[21:44:14]   [!] transient error (attempt 1/5), retry in 5s: HTTP Error 503: Service Unavailable
[21:44:29]   stage2w_work_27: ok (16s, 91 chars)
[21:44:29]   stage2w_work_28: calling (44,522 char prompt)  [work 28/278]
[21:44:35]   stage2w_work_28: ok (6s, 127 chars)
[21:44:35]   stage2w_work_29: calling (64,551 char prompt)  [work 29/278]
[21:44:49]   stage2w_work_29: ok (15s, 698 chars)
[21:44:49]   stage2w_work_30: calling (67,679 char prompt)  [work 30/278]
[21:45:14]   stage2w_work_30: ok (24s, 1,718 chars)
[21:45:14]   stage2w_work_31: calling (72,564 char prompt)  [work 31/278]
[21:45:31]   stage2w_work_31: ok (18s, 232 chars)
[21:45:31]   stage2w_work_32: calling (37,137 char prompt)  [work 32/278]
[21:45:43]   stage2w_work_32: ok (12s, 574 chars)
[21:45:43]   stage2w_work_33: calling (51,994 char prompt)  [work 33/278]
[21:46:00]   stage2w_work_33: ok (17s, 529 chars)
[21:46:00]   stage2w_work_34: calling (57,875 char prompt)  [work 34/278]
[21:46:08]   stage2w_work_34: ok (9s, 127 chars)
[21:46:08]   stage2w_work_35: calling (42,497 char prompt)  [work 35/278]
[21:46:22]   stage2w_work_35: ok (14s, 600 chars)
[21:46:22]   stage2w_work_36: calling (45,264 char prompt)  [work 36/278]
[21:46:30]   stage2w_work_36: ok (8s, 126 chars)
[21:46:30]   stage2w_work_37: calling (56,520 char prompt)  [work 37/278]
[21:46:41]   stage2w_work_37: ok (11s, 127 chars)
[21:46:41]   stage2w_work_38: calling (39,602 char prompt)  [work 38/278]
[21:46:59]   stage2w_work_38: ok (18s, 913 chars)
[21:46:59]   stage2w_work_39: calling (41,018 char prompt)  [work 39/278]
[21:47:18]   stage2w_work_39: ok (19s, 2,164 chars)
[21:47:18]   stage2w_work_40: calling (50,751 char prompt)  [work 40/278]
[21:47:27]   stage2w_work_40: ok (9s, 90 chars)
[21:47:27]   stage2w_work_41: calling (49,887 char prompt)  [work 41/278]
[21:47:42]   stage2w_work_41: ok (15s, 717 chars)
[21:47:42]   stage2w_work_42: calling (56,632 char prompt)  [work 42/278]
[21:48:00]   stage2w_work_42: ok (18s, 589 chars)
[21:48:00]   stage2w_work_43: calling (43,836 char prompt)  [work 43/278]
[21:48:21]   stage2w_work_43: ok (21s, 966 chars)
[21:48:21]   stage2w_work_44: calling (53,070 char prompt)  [work 44/278]
[21:48:28]   stage2w_work_44: ok (7s, 126 chars)
[21:48:28]   stage2w_work_45: calling (51,105 char prompt)  [work 45/278]
[21:48:39]   stage2w_work_45: ok (11s, 127 chars)
[21:48:39]   stage2w_work_46: calling (60,582 char prompt)  [work 46/278]
[21:48:49]   stage2w_work_46: ok (9s, 127 chars)
[21:48:49]   stage2w_work_47: calling (48,992 char prompt)  [work 47/278]
[21:48:57]   stage2w_work_47: ok (8s, 126 chars)
[21:48:57]   stage2w_work_48: calling (47,107 char prompt)  [work 48/278]
[21:49:11]   stage2w_work_48: ok (14s, 711 chars)
[21:49:11]   stage2w_work_49: calling (49,642 char prompt)  [work 49/278]
[21:49:22]   stage2w_work_49: ok (11s, 126 chars)
[21:49:22]   stage2w_work_50: calling (58,291 char prompt)  [work 50/278]
[21:49:31]   stage2w_work_50: ok (9s, 90 chars)
[21:49:31]   stage2w_work_51: calling (53,048 char prompt)  [work 51/278]
[21:49:52]   stage2w_work_51: ok (21s, 1,716 chars)
[21:49:52]   stage2w_work_52: calling (71,800 char prompt)  [work 52/278]
[21:50:07]   stage2w_work_52: ok (15s, 232 chars)
[21:50:07]   stage2w_work_53: calling (49,007 char prompt)  [work 53/278]
[21:50:17]   stage2w_work_53: ok (10s, 126 chars)
[21:50:17]   stage2w_work_54: calling (56,287 char prompt)  [work 54/278]
[21:50:26]   stage2w_work_54: ok (9s, 91 chars)
[21:50:26]   stage2w_work_55: calling (46,625 char prompt)  [work 55/278]
[21:50:43]   stage2w_work_55: ok (17s, 575 chars)
[21:50:43]   stage2w_work_56: calling (56,312 char prompt)  [work 56/278]
[21:50:50]   stage2w_work_56: ok (7s, 126 chars)
[21:50:50]   stage2w_work_57: calling (58,926 char prompt)  [work 57/278]
[21:51:01]   stage2w_work_57: ok (11s, 90 chars)
[21:51:01]   stage2w_work_58: calling (46,915 char prompt)  [work 58/278]
[21:51:09]   stage2w_work_58: ok (8s, 126 chars)
[21:51:09]   stage2w_work_59: calling (45,711 char prompt)  [work 59/278]
[21:51:17]   stage2w_work_59: ok (8s, 126 chars)
[21:51:17]   stage2w_work_60: calling (72,427 char prompt)  [work 60/278]
[21:51:39]   stage2w_work_60: ok (21s, 234 chars)
[21:51:39]   stage2w_work_61: calling (40,790 char prompt)  [work 61/278]
[21:51:55]   stage2w_work_61: ok (16s, 1,076 chars)
[21:51:55]   stage2w_work_62: calling (55,995 char prompt)  [work 62/278]
[21:52:06]   stage2w_work_62: ok (11s, 126 chars)
[21:52:06]   stage2w_work_63: calling (42,689 char prompt)  [work 63/278]
[21:52:16]   stage2w_work_63: ok (10s, 126 chars)
[21:52:16]   stage2w_work_64: calling (51,773 char prompt)  [work 64/278]
[21:52:28]   stage2w_work_64: ok (12s, 126 chars)
[21:52:28]   stage2w_work_65: calling (64,186 char prompt)  [work 65/278]
[21:52:49]   stage2w_work_65: ok (21s, 639 chars)
[21:52:49]   stage2w_work_66: calling (64,481 char prompt)  [work 66/278]
[21:53:07]   stage2w_work_66: ok (18s, 646 chars)
[21:53:07]   stage2w_work_67: calling (64,096 char prompt)  [work 67/278]
[21:53:18]   stage2w_work_67: ok (11s, 127 chars)
[21:53:18]   stage2w_work_68: calling (52,729 char prompt)  [work 68/278]
[21:53:36]   stage2w_work_68: ok (18s, 664 chars)
[21:53:36]   stage2w_work_69: calling (52,423 char prompt)  [work 69/278]
[21:53:42]   stage2w_work_69: ok (6s, 126 chars)
[21:53:42]   stage2w_work_70: calling (53,465 char prompt)  [work 70/278]
[21:53:51]   stage2w_work_70: ok (9s, 127 chars)
[21:53:51]   stage2w_work_71: calling (63,116 char prompt)  [work 71/278]
[21:54:09]   stage2w_work_71: ok (18s, 232 chars)
[21:54:09]   stage2w_work_72: calling (69,957 char prompt)  [work 72/278]
[21:54:25]   stage2w_work_72: ok (16s, 776 chars)
[21:54:25]   stage2w_work_73: calling (71,818 char prompt)  [work 73/278]
[21:54:45]   stage2w_work_73: ok (20s, 232 chars)
[21:54:45]   stage2w_work_74: calling (47,605 char prompt)  [work 74/278]
[21:54:54]   stage2w_work_74: ok (9s, 127 chars)
[21:54:54]   stage2w_work_75: calling (44,322 char prompt)  [work 75/278]
[21:55:02]   stage2w_work_75: ok (9s, 126 chars)
[21:55:02]   stage2w_work_76: calling (47,971 char prompt)  [work 76/278]
[21:55:14]   stage2w_work_76: ok (11s, 127 chars)
[21:55:14]   stage2w_work_77: calling (51,925 char prompt)  [work 77/278]
[21:55:25]   stage2w_work_77: ok (11s, 126 chars)
[21:55:25]   stage2w_work_78: calling (41,449 char prompt)  [work 78/278]
[21:55:37]   stage2w_work_78: ok (13s, 127 chars)
[21:55:37]   stage2w_work_79: calling (52,964 char prompt)  [work 79/278]
[21:55:52]   stage2w_work_79: ok (14s, 634 chars)
[21:55:52]   stage2w_work_80: calling (49,656 char prompt)  [work 80/278]
[21:56:02]   stage2w_work_80: ok (10s, 91 chars)
[21:56:02]   stage2w_work_81: calling (56,832 char prompt)  [work 81/278]
[21:56:11]   stage2w_work_81: ok (9s, 127 chars)
[21:56:11]   stage2w_work_82: calling (46,804 char prompt)  [work 82/278]
[21:56:22]   stage2w_work_82: ok (11s, 127 chars)
[21:56:22]   stage2w_work_83: calling (47,257 char prompt)  [work 83/278]
[21:56:35]   stage2w_work_83: ok (13s, 1,028 chars)
[21:56:35]   stage2w_work_84: calling (40,448 char prompt)  [work 84/278]
[21:56:43]   stage2w_work_84: ok (8s, 126 chars)
[21:56:43]   stage2w_work_85: calling (53,658 char prompt)  [work 85/278]
[21:56:56]   stage2w_work_85: ok (13s, 126 chars)
[21:56:56]   stage2w_work_86: calling (45,781 char prompt)  [work 86/278]
[21:57:03]   stage2w_work_86: ok (7s, 90 chars)
[21:57:03]   stage2w_work_87: calling (43,065 char prompt)  [work 87/278]
[21:57:15]   stage2w_work_87: ok (12s, 127 chars)
[21:57:15]   stage2w_work_88: calling (52,640 char prompt)  [work 88/278]
[21:57:31]   stage2w_work_88: ok (16s, 1,267 chars)
[21:57:31]   stage2w_work_89: calling (69,752 char prompt)  [work 89/278]
[21:57:54]   stage2w_work_89: ok (23s, 1,502 chars)
[21:57:54]   stage2w_work_90: calling (39,308 char prompt)  [work 90/278]
[21:58:05]   stage2w_work_90: ok (11s, 126 chars)
[21:58:05]   stage2w_work_91: calling (72,317 char prompt)  [work 91/278]
[21:58:31]   stage2w_work_91: ok (26s, 2,677 chars)
[21:58:31]   stage2w_work_92: calling (53,695 char prompt)  [work 92/278]
[21:58:43]   stage2w_work_92: ok (12s, 127 chars)
[21:58:43]   stage2w_work_93: calling (39,266 char prompt)  [work 93/278]
[21:58:58]   stage2w_work_93: ok (15s, 785 chars)
[21:58:58]   stage2w_work_94: calling (38,136 char prompt)  [work 94/278]
[21:59:08]   stage2w_work_94: ok (10s, 126 chars)
[21:59:08]   stage2w_work_95: calling (49,104 char prompt)  [work 95/278]
[21:59:18]   stage2w_work_95: ok (10s, 126 chars)
[21:59:18]   stage2w_work_96: calling (46,426 char prompt)  [work 96/278]
[21:59:29]   stage2w_work_96: ok (11s, 127 chars)
[21:59:29]   stage2w_work_97: calling (54,030 char prompt)  [work 97/278]
[21:59:36]   stage2w_work_97: ok (7s, 126 chars)
[21:59:36]   stage2w_work_98: calling (55,042 char prompt)  [work 98/278]
[21:59:45]   stage2w_work_98: ok (9s, 126 chars)
[21:59:45]   stage2w_work_99: calling (62,797 char prompt)  [work 99/278]
[21:59:57]   stage2w_work_99: ok (11s, 127 chars)
[21:59:57]   stage2w_work_100: calling (56,359 char prompt)  [work 100/278]
[22:00:09]   stage2w_work_100: ok (12s, 90 chars)
[22:00:09]   stage2w_work_101: calling (50,415 char prompt)  [work 101/278]
[22:00:20]   stage2w_work_101: ok (11s, 127 chars)
[22:00:20]   stage2w_work_102: calling (50,416 char prompt)  [work 102/278]
[22:00:32]   stage2w_work_102: ok (12s, 127 chars)
[22:00:32]   stage2w_work_103: calling (56,200 char prompt)  [work 103/278]
[22:00:46]   stage2w_work_103: ok (15s, 1,068 chars)
[22:00:46]   stage2w_work_104: calling (51,604 char prompt)  [work 104/278]
[22:01:05]   stage2w_work_104: ok (19s, 1,112 chars)
[22:01:05]   stage2w_work_105: calling (54,366 char prompt)  [work 105/278]
[22:01:15]   stage2w_work_105: ok (10s, 127 chars)
[22:01:15]   stage2w_work_106: calling (69,251 char prompt)  [work 106/278]
[22:01:30]   stage2w_work_106: ok (14s, 622 chars)
[22:01:30]   stage2w_work_107: calling (63,372 char prompt)  [work 107/278]
[22:01:38]   stage2w_work_107: ok (9s, 127 chars)
[22:01:38]   stage2w_work_108: calling (58,023 char prompt)  [work 108/278]
[22:01:47]   stage2w_work_108: ok (9s, 127 chars)
[22:01:47]   stage2w_work_109: calling (57,254 char prompt)  [work 109/278]
[22:02:10]   stage2w_work_109: ok (23s, 1,020 chars)
[22:02:10]   stage2w_work_110: calling (64,495 char prompt)  [work 110/278]
[22:02:19]   stage2w_work_110: ok (9s, 127 chars)
[22:02:19]   stage2w_work_111: calling (44,754 char prompt)  [work 111/278]
[22:02:33]   stage2w_work_111: ok (14s, 680 chars)
[22:02:33]   stage2w_work_112: calling (40,204 char prompt)  [work 112/278]
[22:02:41]   stage2w_work_112: ok (8s, 127 chars)
[22:02:41]   stage2w_work_113: calling (47,145 char prompt)  [work 113/278]
[22:02:49]   stage2w_work_113: ok (9s, 126 chars)
[22:02:49]   stage2w_work_114: calling (40,092 char prompt)  [work 114/278]
[22:03:02]   stage2w_work_114: ok (12s, 126 chars)
[22:03:02]   stage2w_work_115: calling (40,135 char prompt)  [work 115/278]
[22:03:09]   stage2w_work_115: ok (8s, 126 chars)
[22:03:09]   stage2w_work_116: calling (45,928 char prompt)  [work 116/278]
[22:03:17]   stage2w_work_116: ok (8s, 126 chars)
[22:03:17]   stage2w_work_117: calling (47,329 char prompt)  [work 117/278]
[22:03:24]   stage2w_work_117: ok (7s, 127 chars)
[22:03:24]   stage2w_work_118: calling (51,486 char prompt)  [work 118/278]
[22:03:35]   stage2w_work_118: ok (11s, 685 chars)
[22:03:35]   stage2w_work_119: calling (42,465 char prompt)  [work 119/278]
[22:03:47]   stage2w_work_119: ok (12s, 127 chars)
[22:03:47]   stage2w_work_120: calling (46,042 char prompt)  [work 120/278]
[22:03:56]   stage2w_work_120: ok (10s, 127 chars)
[22:03:56]   stage2w_work_121: calling (39,155 char prompt)  [work 121/278]
[22:04:05]   stage2w_work_121: ok (9s, 126 chars)
[22:04:05]   stage2w_work_122: calling (43,720 char prompt)  [work 122/278]
[22:04:14]   stage2w_work_122: ok (9s, 127 chars)
[22:04:14]   stage2w_work_123: calling (40,497 char prompt)  [work 123/278]
[22:04:31]   stage2w_work_123: ok (17s, 679 chars)
[22:04:31]   stage2w_work_124: calling (43,637 char prompt)  [work 124/278]
[22:04:38]   stage2w_work_124: ok (7s, 126 chars)
[22:04:38]   stage2w_work_125: calling (47,577 char prompt)  [work 125/278]
[22:04:46]   stage2w_work_125: ok (8s, 126 chars)
[22:04:46]   stage2w_work_126: calling (52,293 char prompt)  [work 126/278]
[22:04:59]   stage2w_work_126: ok (13s, 604 chars)
[22:04:59]   stage2w_work_127: calling (47,495 char prompt)  [work 127/278]
[22:05:10]   stage2w_work_127: ok (11s, 126 chars)
[22:05:10]   stage2w_work_128: calling (57,561 char prompt)  [work 128/278]
[22:05:26]   stage2w_work_128: ok (16s, 1,154 chars)
[22:05:26]   stage2w_work_129: calling (49,426 char prompt)  [work 129/278]
[22:05:33]   stage2w_work_129: ok (7s, 126 chars)
[22:05:33]   stage2w_work_130: calling (55,661 char prompt)  [work 130/278]
[22:05:45]   stage2w_work_130: ok (12s, 564 chars)
[22:05:45]   stage2w_work_131: calling (44,025 char prompt)  [work 131/278]
[22:06:01]   stage2w_work_131: ok (15s, 917 chars)
[22:06:01]   stage2w_work_132: calling (72,820 char prompt)  [work 132/278]
[22:06:12]   stage2w_work_132: ok (11s, 232 chars)
[22:06:12]   stage2w_work_133: calling (46,700 char prompt)  [work 133/278]
[22:06:24]   stage2w_work_133: ok (12s, 489 chars)
[22:06:24]   stage2w_work_134: calling (39,918 char prompt)  [work 134/278]
[22:06:31]   stage2w_work_134: ok (7s, 126 chars)
[22:06:31]   stage2w_work_135: calling (45,401 char prompt)  [work 135/278]
[22:06:46]   stage2w_work_135: ok (15s, 1,088 chars)
[22:06:46]   stage2w_work_136: calling (40,404 char prompt)  [work 136/278]
[22:06:57]   stage2w_work_136: ok (11s, 127 chars)
[22:06:57]   stage2w_work_137: calling (51,978 char prompt)  [work 137/278]
[22:07:13]   stage2w_work_137: ok (16s, 886 chars)
[22:07:13]   stage2w_work_138: calling (49,841 char prompt)  [work 138/278]
[22:07:30]   stage2w_work_138: ok (17s, 1,057 chars)
[22:07:30]   stage2w_work_139: calling (52,895 char prompt)  [work 139/278]
[22:07:46]   stage2w_work_139: ok (16s, 1,211 chars)
[22:07:46]   stage2w_work_140: calling (47,390 char prompt)  [work 140/278]
[22:07:52]   stage2w_work_140: ok (6s, 127 chars)
[22:07:52]   stage2w_work_141: calling (40,187 char prompt)  [work 141/278]
[22:08:00]   stage2w_work_141: ok (8s, 126 chars)
[22:08:00]   stage2w_work_142: calling (46,301 char prompt)  [work 142/278]
[22:08:11]   stage2w_work_142: ok (11s, 127 chars)
[22:08:11]   stage2w_work_143: calling (43,825 char prompt)  [work 143/278]
[22:08:25]   stage2w_work_143: ok (14s, 483 chars)
[22:08:25]   stage2w_work_144: calling (50,774 char prompt)  [work 144/278]
[22:08:38]   stage2w_work_144: ok (13s, 630 chars)
[22:08:38]   stage2w_work_145: calling (44,800 char prompt)  [work 145/278]
[22:08:51]   stage2w_work_145: ok (13s, 127 chars)
[22:08:51]   stage2w_work_146: calling (58,263 char prompt)  [work 146/278]
[22:09:00]   stage2w_work_146: ok (9s, 126 chars)
[22:09:00]   stage2w_work_147: calling (57,169 char prompt)  [work 147/278]
[22:09:08]   stage2w_work_147: ok (8s, 126 chars)
[22:09:08]   stage2w_work_148: calling (58,887 char prompt)  [work 148/278]
[22:09:16]   stage2w_work_148: ok (8s, 127 chars)
[22:09:16]   stage2w_work_149: calling (59,098 char prompt)  [work 149/278]
[22:09:25]   stage2w_work_149: ok (9s, 632 chars)
[22:09:25]   stage2w_work_150: calling (56,410 char prompt)  [work 150/278]
[22:09:39]   stage2w_work_150: ok (14s, 704 chars)
[22:09:39]   stage2w_work_151: calling (48,966 char prompt)  [work 151/278]
[22:09:47]   stage2w_work_151: ok (8s, 126 chars)
[22:09:47]   stage2w_work_152: calling (50,359 char prompt)  [work 152/278]
[22:09:54]   stage2w_work_152: ok (7s, 127 chars)
[22:09:54]   stage2w_work_153: calling (47,890 char prompt)  [work 153/278]
[22:10:07]   stage2w_work_153: ok (13s, 599 chars)
[22:10:07]   stage2w_work_154: calling (43,599 char prompt)  [work 154/278]
[22:10:25]   stage2w_work_154: ok (18s, 558 chars)
[22:10:25]   stage2w_work_155: calling (51,378 char prompt)  [work 155/278]
[22:10:43]   stage2w_work_155: ok (18s, 1,166 chars)
[22:10:43]   stage2w_work_156: calling (43,707 char prompt)  [work 156/278]
[22:10:57]   stage2w_work_156: ok (13s, 783 chars)
[22:10:57]   stage2w_work_157: calling (47,375 char prompt)  [work 157/278]
[22:11:15]   stage2w_work_157: ok (19s, 847 chars)
[22:11:15]   stage2w_work_158: calling (45,747 char prompt)  [work 158/278]
[22:11:27]   stage2w_work_158: ok (12s, 633 chars)
[22:11:27]   stage2w_work_159: calling (46,864 char prompt)  [work 159/278]
[22:11:39]   stage2w_work_159: ok (12s, 126 chars)
[22:11:39]   stage2w_work_160: calling (52,874 char prompt)  [work 160/278]
[22:11:55]   stage2w_work_160: ok (15s, 613 chars)
[22:11:55]   stage2w_work_161: calling (38,162 char prompt)  [work 161/278]
[22:12:05]   stage2w_work_161: ok (10s, 127 chars)
[22:12:05]   stage2w_work_162: calling (44,191 char prompt)  [work 162/278]
[22:12:14]   stage2w_work_162: ok (9s, 126 chars)
[22:12:14]   stage2w_work_163: calling (42,466 char prompt)  [work 163/278]
[22:12:24]   stage2w_work_163: ok (10s, 127 chars)
[22:12:24]   stage2w_work_164: calling (42,707 char prompt)  [work 164/278]
[22:12:39]   stage2w_work_164: ok (15s, 896 chars)
[22:12:39]   stage2w_work_165: calling (45,930 char prompt)  [work 165/278]
[22:12:48]   stage2w_work_165: ok (9s, 127 chars)
[22:12:48]   stage2w_work_166: calling (32,520 char prompt)  [work 166/278]
[22:13:14]   stage2w_work_166: ok (26s, 1,016 chars)
[22:13:14]   stage2w_work_167: calling (55,645 char prompt)  [work 167/278]
[22:13:27]   stage2w_work_167: ok (13s, 1,111 chars)
[22:13:27]   stage2w_work_168: calling (54,318 char prompt)  [work 168/278]
[22:13:33]   stage2w_work_168: ok (7s, 126 chars)
[22:13:33]   stage2w_work_169: calling (52,110 char prompt)  [work 169/278]
[22:13:44]   stage2w_work_169: ok (10s, 616 chars)
[22:13:44]   stage2w_work_170: calling (43,351 char prompt)  [work 170/278]
[22:13:53]   stage2w_work_170: ok (9s, 126 chars)
[22:13:53]   stage2w_work_171: calling (32,999 char prompt)  [work 171/278]
[22:14:09]   stage2w_work_171: ok (16s, 1,004 chars)
[22:14:09]   stage2w_work_172: calling (44,794 char prompt)  [work 172/278]
[22:14:19]   stage2w_work_172: ok (10s, 126 chars)
[22:14:19]   stage2w_work_173: calling (38,299 char prompt)  [work 173/278]
[22:14:32]   stage2w_work_173: ok (13s, 721 chars)
[22:14:32]   stage2w_work_174: calling (68,744 char prompt)  [work 174/278]
[22:14:56]   stage2w_work_174: ok (24s, 854 chars)
[22:14:56]   stage2w_work_175: calling (45,792 char prompt)  [work 175/278]
[22:15:04]   stage2w_work_175: ok (8s, 126 chars)
[22:15:04]   stage2w_work_176: calling (42,649 char prompt)  [work 176/278]
[22:15:19]   stage2w_work_176: ok (14s, 1,004 chars)
[22:15:19]   stage2w_work_177: calling (57,527 char prompt)  [work 177/278]
[22:15:27]   stage2w_work_177: ok (9s, 126 chars)
[22:15:27]   stage2w_work_178: calling (55,112 char prompt)  [work 178/278]
[22:15:37]   stage2w_work_178: ok (9s, 127 chars)
[22:15:37]   stage2w_work_179: calling (37,005 char prompt)  [work 179/278]
[22:15:46]   stage2w_work_179: ok (10s, 127 chars)
[22:15:46]   stage2w_work_180: calling (42,289 char prompt)  [work 180/278]
[22:15:56]   stage2w_work_180: ok (9s, 127 chars)
[22:15:56]   stage2w_work_181: calling (47,866 char prompt)  [work 181/278]
[22:16:14]   stage2w_work_181: ok (19s, 828 chars)
[22:16:14]   stage2w_work_182: calling (41,629 char prompt)  [work 182/278]
[22:16:34]   stage2w_work_182: ok (20s, 589 chars)
[22:16:34]   stage2w_work_183: calling (43,354 char prompt)  [work 183/278]
[22:16:51]   stage2w_work_183: ok (16s, 1,071 chars)
[22:16:51]   stage2w_work_184: calling (57,297 char prompt)  [work 184/278]
[22:16:57]   stage2w_work_184: ok (7s, 126 chars)
[22:16:57]   stage2w_work_185: calling (38,354 char prompt)  [work 185/278]
[22:17:09]   stage2w_work_185: ok (11s, 536 chars)
[22:17:09]   stage2w_work_186: calling (39,202 char prompt)  [work 186/278]
[22:17:17]   stage2w_work_186: ok (8s, 127 chars)
[22:17:17]   stage2w_work_187: calling (54,436 char prompt)  [work 187/278]
[22:17:24]   stage2w_work_187: ok (7s, 126 chars)
[22:17:24]   stage2w_work_188: calling (54,232 char prompt)  [work 188/278]
[22:17:37]   stage2w_work_188: ok (12s, 127 chars)
[22:17:37]   stage2w_work_189: calling (44,211 char prompt)  [work 189/278]
[22:17:49]   stage2w_work_189: ok (12s, 567 chars)
[22:17:49]   stage2w_work_190: calling (48,132 char prompt)  [work 190/278]
[22:18:02]   stage2w_work_190: ok (13s, 126 chars)
[22:18:02]   stage2w_work_191: calling (42,497 char prompt)  [work 191/278]
[22:18:11]   stage2w_work_191: ok (8s, 127 chars)
[22:18:11]   stage2w_work_192: calling (55,707 char prompt)  [work 192/278]
[22:18:19]   stage2w_work_192: ok (8s, 127 chars)
[22:18:19]   stage2w_work_193: calling (69,387 char prompt)  [work 193/278]
[22:18:39]   stage2w_work_193: ok (20s, 2,184 chars)
[22:18:39]   stage2w_work_194: calling (45,850 char prompt)  [work 194/278]
[22:18:52]   stage2w_work_194: ok (13s, 126 chars)
[22:18:52]   stage2w_work_195: calling (44,473 char prompt)  [work 195/278]
[22:19:04]   stage2w_work_195: ok (11s, 127 chars)
[22:19:04]   stage2w_work_196: calling (44,571 char prompt)  [work 196/278]
[22:19:14]   stage2w_work_196: ok (10s, 670 chars)
[22:19:14]   stage2w_work_197: calling (49,700 char prompt)  [work 197/278]
[22:19:24]   stage2w_work_197: ok (10s, 91 chars)
[22:19:24]   stage2w_work_198: calling (52,475 char prompt)  [work 198/278]
[22:19:33]   stage2w_work_198: ok (9s, 126 chars)
[22:19:33]   stage2w_work_199: calling (53,458 char prompt)  [work 199/278]
[22:19:45]   stage2w_work_199: ok (12s, 126 chars)
[22:19:45]   stage2w_work_200: calling (51,341 char prompt)  [work 200/278]
[22:19:54]   stage2w_work_200: ok (9s, 126 chars)
[22:19:54]   stage2w_work_201: calling (45,727 char prompt)  [work 201/278]
[22:20:02]   stage2w_work_201: ok (7s, 127 chars)
[22:20:02]   stage2w_work_202: calling (38,373 char prompt)  [work 202/278]
[22:20:13]   stage2w_work_202: ok (12s, 127 chars)
[22:20:13]   stage2w_work_203: calling (42,810 char prompt)  [work 203/278]
[22:20:20]   stage2w_work_203: ok (7s, 126 chars)
[22:20:20]   stage2w_work_204: calling (50,479 char prompt)  [work 204/278]
[22:20:30]   stage2w_work_204: ok (10s, 629 chars)
[22:20:30]   stage2w_work_205: calling (52,719 char prompt)  [work 205/278]
[22:20:40]   stage2w_work_205: ok (9s, 127 chars)
[22:20:40]   stage2w_work_206: calling (52,060 char prompt)  [work 206/278]
[22:20:51]   stage2w_work_206: ok (12s, 127 chars)
[22:20:51]   stage2w_work_207: calling (63,003 char prompt)  [work 207/278]
[22:21:02]   stage2w_work_207: ok (11s, 232 chars)
[22:21:02]   stage2w_work_208: calling (45,361 char prompt)  [work 208/278]
[22:21:09]   stage2w_work_208: ok (7s, 126 chars)
[22:21:09]   stage2w_work_209: calling (37,769 char prompt)  [work 209/278]
[22:21:17]   stage2w_work_209: ok (8s, 127 chars)
[22:21:17]   stage2w_work_210: calling (49,439 char prompt)  [work 210/278]
[22:21:30]   stage2w_work_210: ok (13s, 126 chars)
[22:21:30]   stage2w_work_211: calling (46,984 char prompt)  [work 211/278]
[22:21:49]   stage2w_work_211: ok (18s, 688 chars)
[22:21:49]   stage2w_work_212: calling (39,516 char prompt)  [work 212/278]
[22:22:00]   stage2w_work_212: ok (11s, 616 chars)
[22:22:00]   stage2w_work_213: calling (47,210 char prompt)  [work 213/278]
[22:22:12]   stage2w_work_213: ok (12s, 702 chars)
[22:22:12]   stage2w_work_214: calling (43,862 char prompt)  [work 214/278]
[22:22:23]   stage2w_work_214: ok (12s, 126 chars)
[22:22:23]   stage2w_work_215: calling (54,110 char prompt)  [work 215/278]
[22:22:32]   stage2w_work_215: ok (9s, 127 chars)
[22:22:32]   stage2w_work_216: calling (53,016 char prompt)  [work 216/278]
[22:22:48]   stage2w_work_216: ok (16s, 91 chars)
[22:22:48]   stage2w_work_217: calling (47,497 char prompt)  [work 217/278]
[22:22:58]   stage2w_work_217: ok (10s, 127 chars)
[22:22:58]   stage2w_work_218: calling (39,485 char prompt)  [work 218/278]
[22:23:11]   stage2w_work_218: ok (13s, 584 chars)
[22:23:11]   stage2w_work_219: calling (40,256 char prompt)  [work 219/278]
[22:23:22]   stage2w_work_219: ok (11s, 127 chars)
[22:23:22]   stage2w_work_220: calling (44,773 char prompt)  [work 220/278]
[22:23:31]   stage2w_work_220: ok (9s, 126 chars)
[22:23:31]   stage2w_work_221: calling (38,999 char prompt)  [work 221/278]
[22:23:40]   stage2w_work_221: ok (9s, 127 chars)
[22:23:40]   stage2w_work_222: calling (53,089 char prompt)  [work 222/278]
[22:23:51]   stage2w_work_222: ok (11s, 126 chars)
[22:23:51]   stage2w_work_223: calling (48,754 char prompt)  [work 223/278]
[22:24:07]   stage2w_work_223: ok (16s, 582 chars)
[22:24:07]   stage2w_work_224: calling (53,400 char prompt)  [work 224/278]
[22:24:15]   stage2w_work_224: ok (8s, 126 chars)
[22:24:15]   stage2w_work_225: calling (53,155 char prompt)  [work 225/278]
[22:24:24]   stage2w_work_225: ok (8s, 90 chars)
[22:24:24]   stage2w_work_226: calling (51,282 char prompt)  [work 226/278]
[22:24:31]   stage2w_work_226: ok (8s, 127 chars)
[22:24:31]   stage2w_work_227: calling (50,884 char prompt)  [work 227/278]
[22:24:39]   stage2w_work_227: ok (8s, 127 chars)
[22:24:39]   stage2w_work_228: calling (46,608 char prompt)  [work 228/278]
[22:24:51]   stage2w_work_228: ok (12s, 127 chars)
[22:24:51]   stage2w_work_229: calling (71,123 char prompt)  [work 229/278]
[22:25:15]   stage2w_work_229: ok (24s, 234 chars)
[22:25:15]   stage2w_work_230: calling (40,348 char prompt)  [work 230/278]
[22:25:27]   stage2w_work_230: ok (11s, 127 chars)
[22:25:27]   stage2w_work_231: calling (42,376 char prompt)  [work 231/278]
[22:25:38]   stage2w_work_231: ok (11s, 127 chars)
[22:25:38]   stage2w_work_232: calling (47,361 char prompt)  [work 232/278]
[22:25:48]   stage2w_work_232: ok (10s, 127 chars)
[22:25:48]   stage2w_work_233: calling (36,836 char prompt)  [work 233/278]
[22:26:01]   stage2w_work_233: ok (13s, 742 chars)
[22:26:01]   stage2w_work_234: calling (47,789 char prompt)  [work 234/278]
[22:26:16]   stage2w_work_234: ok (15s, 1,175 chars)
[22:26:16]   stage2w_work_235: calling (45,085 char prompt)  [work 235/278]
[22:26:30]   stage2w_work_235: ok (14s, 127 chars)
[22:26:30]   stage2w_work_236: calling (51,977 char prompt)  [work 236/278]
[22:26:42]   stage2w_work_236: ok (12s, 624 chars)
[22:26:42]   stage2w_work_237: calling (49,537 char prompt)  [work 237/278]
[22:26:49]   stage2w_work_237: ok (7s, 127 chars)
[22:26:49]   stage2w_work_238: calling (53,708 char prompt)  [work 238/278]
[22:26:58]   stage2w_work_238: ok (10s, 127 chars)
[22:26:58]   stage2w_work_239: calling (41,424 char prompt)  [work 239/278]
[22:27:05]   stage2w_work_239: ok (7s, 127 chars)
[22:27:05]   stage2w_work_240: calling (46,721 char prompt)  [work 240/278]
[22:27:13]   stage2w_work_240: ok (8s, 126 chars)
[22:27:13]   stage2w_work_241: calling (68,454 char prompt)  [work 241/278]
[22:27:28]   stage2w_work_241: ok (16s, 232 chars)
[22:27:28]   stage2w_work_242: calling (43,075 char prompt)  [work 242/278]
[22:27:43]   stage2w_work_242: ok (15s, 665 chars)
[22:27:43]   stage2w_work_243: calling (47,914 char prompt)  [work 243/278]
[22:28:01]   stage2w_work_243: ok (17s, 1,165 chars)
[22:28:01]   stage2w_work_244: calling (39,964 char prompt)  [work 244/278]
[22:28:09]   stage2w_work_244: ok (8s, 91 chars)
[22:28:09]   stage2w_work_245: calling (44,574 char prompt)  [work 245/278]
[22:28:18]   stage2w_work_245: ok (9s, 127 chars)
[22:28:18]   stage2w_work_246: calling (56,090 char prompt)  [work 246/278]
[22:28:29]   stage2w_work_246: ok (11s, 126 chars)
[22:28:29]   stage2w_work_247: calling (55,136 char prompt)  [work 247/278]
[22:28:38]   stage2w_work_247: ok (9s, 482 chars)
[22:28:38]   stage2w_work_248: calling (58,011 char prompt)  [work 248/278]
[22:28:51]   stage2w_work_248: ok (13s, 127 chars)
[22:28:51]   stage2w_work_249: calling (47,898 char prompt)  [work 249/278]
[22:28:58]   stage2w_work_249: ok (7s, 127 chars)
[22:28:58]   stage2w_work_250: calling (50,770 char prompt)  [work 250/278]
[22:29:09]   stage2w_work_250: ok (11s, 126 chars)
[22:29:09]   stage2w_work_251: calling (55,654 char prompt)  [work 251/278]
[22:29:19]   stage2w_work_251: ok (11s, 127 chars)
[22:29:19]   stage2w_work_252: calling (47,055 char prompt)  [work 252/278]
[22:29:33]   stage2w_work_252: ok (14s, 126 chars)
[22:29:33]   stage2w_work_253: calling (42,855 char prompt)  [work 253/278]
[22:29:49]   stage2w_work_253: ok (16s, 610 chars)
[22:29:49]   stage2w_work_254: calling (54,594 char prompt)  [work 254/278]
[22:30:00]   stage2w_work_254: ok (11s, 127 chars)
[22:30:00]   stage2w_work_255: calling (39,006 char prompt)  [work 255/278]
[22:30:12]   stage2w_work_255: ok (11s, 127 chars)
[22:30:12]   stage2w_work_256: calling (47,850 char prompt)  [work 256/278]
[22:30:30]   stage2w_work_256: ok (18s, 1,135 chars)
[22:30:30]   stage2w_work_257: calling (51,312 char prompt)  [work 257/278]
[22:30:47]   stage2w_work_257: ok (17s, 1,241 chars)
[22:30:47]   stage2w_work_258: calling (35,231 char prompt)  [work 258/278]
[22:30:55]   stage2w_work_258: ok (8s, 558 chars)
[22:30:55]   stage2w_work_259: calling (41,892 char prompt)  [work 259/278]
[22:31:08]   stage2w_work_259: ok (13s, 599 chars)
[22:31:08]   stage2w_work_260: calling (42,204 char prompt)  [work 260/278]
[22:31:17]   stage2w_work_260: ok (9s, 126 chars)
[22:31:17]   stage2w_work_261: calling (52,028 char prompt)  [work 261/278]
[22:31:26]   stage2w_work_261: ok (9s, 127 chars)
[22:31:26]   stage2w_work_262: calling (38,151 char prompt)  [work 262/278]
[22:31:35]   stage2w_work_262: ok (8s, 127 chars)
[22:31:35]   stage2w_work_263: calling (44,466 char prompt)  [work 263/278]
[22:31:49]   stage2w_work_263: ok (15s, 667 chars)
[22:31:49]   stage2w_work_264: calling (40,773 char prompt)  [work 264/278]
[22:32:07]   stage2w_work_264: ok (18s, 930 chars)
[22:32:07]   stage2w_work_265: calling (45,877 char prompt)  [work 265/278]
[22:32:15]   stage2w_work_265: ok (8s, 126 chars)
[22:32:15]   stage2w_work_266: calling (51,235 char prompt)  [work 266/278]
[22:32:25]   stage2w_work_266: ok (10s, 126 chars)
[22:32:25]   stage2w_work_267: calling (44,870 char prompt)  [work 267/278]
[22:32:46]   stage2w_work_267: ok (21s, 525 chars)
[22:32:46]   stage2w_work_268: calling (42,387 char prompt)  [work 268/278]
[22:33:01]   stage2w_work_268: ok (15s, 126 chars)
[22:33:01]   stage2w_work_269: calling (46,170 char prompt)  [work 269/278]
[22:33:18]   stage2w_work_269: ok (17s, 954 chars)
[22:33:18]   stage2w_work_270: calling (70,671 char prompt)  [work 270/278]
[22:33:30]   stage2w_work_270: ok (12s, 232 chars)
[22:33:30]   stage2w_work_271: calling (50,834 char prompt)  [work 271/278]
[22:33:41]   stage2w_work_271: ok (11s, 126 chars)
[22:33:41]   stage2w_work_272: calling (70,582 char prompt)  [work 272/278]
[22:33:51]   stage2w_work_272: ok (10s, 232 chars)
[22:33:51]   stage2w_work_273: calling (39,691 char prompt)  [work 273/278]
[22:33:59]   stage2w_work_273: ok (8s, 127 chars)
[22:33:59]   stage2w_work_274: calling (49,923 char prompt)  [work 274/278]
[22:34:07]   stage2w_work_274: ok (8s, 91 chars)
[22:34:07]   stage2w_work_275: calling (54,747 char prompt)  [work 275/278]
[22:34:17]   stage2w_work_275: ok (11s, 126 chars)
[22:34:17]   stage2w_work_276: calling (49,168 char prompt)  [work 276/278]
[22:34:33]   stage2w_work_276: ok (16s, 1,296 chars)
[22:34:33]   stage2w_work_277: calling (60,020 char prompt)  [work 277/278]
[22:34:53]   stage2w_work_277: ok (20s, 1,196 chars)
[22:34:53]   stage2w_work_278: calling (34,929 char prompt)  [work 278/278]
[22:35:10]   stage2w_work_278: ok (17s, 592 chars)
[22:35:10]   stage2c_conformance_1: calling (260,314 char prompt)  [conformance 1/55]
[22:35:46]   stage2c_conformance_1: ok (36s, 2,903 chars)
[22:35:46]   stage2c_conformance_1: schema violation (1 of 6 traces are absent from the response: ['553d42c74e0038965e57d486']. Every trace must appear, even if its findings list is empty.); re-asking
[22:36:15]   stage2c_conformance_2: calling (217,602 char prompt)  [conformance 2/55]
[22:36:56]   stage2c_conformance_2: ok (41s, 1,518 chars)
[22:36:56]   stage2c_conformance_3: calling (262,261 char prompt)  [conformance 3/55]
[22:37:32]   stage2c_conformance_3: ok (36s, 1,380 chars)
[22:37:32]   stage2c_conformance_3: schema violation (1 of 5 traces are absent from the response: ['93e5717215afcf3bf90f720c']. Every trace must appear, even if its findings list is empty.); re-asking
[22:37:53]   stage2c_conformance_4: calling (266,510 char prompt)  [conformance 4/55]
[22:38:56]   stage2c_conformance_4: ok (63s, 1,856 chars)
[22:38:56]   stage2c_conformance_5: calling (245,656 char prompt)  [conformance 5/55]
[22:39:29]   stage2c_conformance_5: ok (34s, 3,496 chars)
[22:39:29]   stage2c_conformance_6: calling (246,700 char prompt)  [conformance 6/55]
[22:40:31]   stage2c_conformance_6: ok (61s, 2,104 chars)
[22:40:31]   stage2c_conformance_7: calling (265,196 char prompt)  [conformance 7/55]
[22:41:10]   stage2c_conformance_7: ok (39s, 2,001 chars)
[22:41:10]   stage2c_conformance_8: calling (228,675 char prompt)  [conformance 8/55]
[22:41:34]   stage2c_conformance_8: ok (24s, 3,718 chars)
[22:41:34]   stage2c_conformance_9: calling (256,122 char prompt)  [conformance 9/55]
[22:42:14]   stage2c_conformance_9: ok (40s, 833 chars)
[22:42:14]   stage2c_conformance_10: calling (247,977 char prompt)  [conformance 10/55]
[22:43:04]   stage2c_conformance_10: ok (50s, 2,169 chars)
[22:43:04]   stage2c_conformance_11: calling (217,742 char prompt)  [conformance 11/55]
[22:43:56]   stage2c_conformance_11: ok (52s, 1,149 chars)
[22:43:56]   stage2c_conformance_11: schema violation (1 of 5 traces are absent from the response: ['bdcc6ecc0ab69a2d722bf729']. Every trace must appear, even if its findings list is empty.); re-asking
[22:44:25]   stage2c_conformance_12: calling (234,296 char prompt)  [conformance 12/55]
[22:44:53]   stage2c_conformance_12: ok (28s, 1,663 chars)
[22:44:53]   stage2c_conformance_12: schema violation (1 of 5 traces are absent from the response: ['ec3ea3183f58de067d2d8127']. Every trace must appear, even if its findings list is empty.); re-asking
[22:45:14]   stage2c_conformance_13: calling (222,162 char prompt)  [conformance 13/55]
[22:46:17]   stage2c_conformance_13: ok (63s, 4,343 chars)
[22:46:17]   stage2c_conformance_13: schema violation (1 of 5 traces are absent from the response: ['0cf3288807bdc53424374c51']. Every trace must appear, even if its findings list is empty.); re-asking
[22:46:34]   stage2c_conformance_14: calling (239,515 char prompt)  [conformance 14/55]
[22:47:29]   stage2c_conformance_14: ok (55s, 2,859 chars)
[22:47:29]   stage2c_conformance_14: schema violation (1 of 4 traces are absent from the response: ['19e0aafa253540b3b31bb20c']. Every trace must appear, even if its findings list is empty.); re-asking
[22:47:58]   stage2c_conformance_15: calling (259,510 char prompt)  [conformance 15/55]
[22:48:35]   stage2c_conformance_15: ok (36s, 2,961 chars)
[22:48:35]   stage2c_conformance_16: calling (266,335 char prompt)  [conformance 16/55]
[22:49:28]   stage2c_conformance_16: ok (54s, 2,471 chars)
[22:49:28]   stage2c_conformance_17: calling (244,410 char prompt)  [conformance 17/55]
[22:50:00]   stage2c_conformance_17: ok (31s, 2,107 chars)
[22:50:00]   stage2c_conformance_18: calling (226,489 char prompt)  [conformance 18/55]
[22:50:36]   stage2c_conformance_18: ok (37s, 1,960 chars)
[22:50:36]   stage2c_conformance_19: calling (265,235 char prompt)  [conformance 19/55]
[22:51:28]   stage2c_conformance_19: ok (52s, 6,366 chars)
[22:51:28]   stage2c_conformance_19: schema violation (1 of 7 traces are absent from the response: ['a8385d40f8e1916577e155de']. Every trace must appear, even if its findings list is empty.); re-asking
[22:51:54]   stage2c_conformance_20: calling (233,635 char prompt)  [conformance 20/55]
[22:52:47]   stage2c_conformance_20: ok (53s, 1,968 chars)
[22:52:47]   stage2c_conformance_21: calling (214,010 char prompt)  [conformance 21/55]
[22:53:18]   stage2c_conformance_21: ok (30s, 1,863 chars)
[22:53:18]   stage2c_conformance_22: calling (225,444 char prompt)  [conformance 22/55]
[22:53:49]   stage2c_conformance_22: ok (31s, 2,076 chars)
[22:53:49]   stage2c_conformance_23: calling (237,167 char prompt)  [conformance 23/55]
[22:54:44]   stage2c_conformance_23: ok (55s, 2,280 chars)
[22:54:44]   stage2c_conformance_24: calling (246,029 char prompt)  [conformance 24/55]
[22:55:37]   stage2c_conformance_24: ok (53s, 2,736 chars)
[22:55:37]   stage2c_conformance_25: calling (257,968 char prompt)  [conformance 25/55]
[22:56:29]   stage2c_conformance_25: ok (53s, 2,008 chars)
[22:56:29]   stage2c_conformance_26: calling (222,396 char prompt)  [conformance 26/55]
[22:57:32]   stage2c_conformance_26: ok (63s, 4,221 chars)
[22:57:32]   stage2c_conformance_27: calling (234,731 char prompt)  [conformance 27/55]
[22:58:05]   stage2c_conformance_27: ok (33s, 1,605 chars)
[22:58:05]   stage2c_conformance_28: calling (250,957 char prompt)  [conformance 28/55]
[22:58:54]   stage2c_conformance_28: ok (50s, 2,753 chars)
[22:58:54]   stage2c_conformance_29: calling (227,511 char prompt)  [conformance 29/55]
[22:59:28]   stage2c_conformance_29: ok (34s, 2,700 chars)
[22:59:28]   stage2c_conformance_30: calling (245,728 char prompt)  [conformance 30/55]
[23:00:02]   stage2c_conformance_30: ok (33s, 1,536 chars)
[23:00:02]   stage2c_conformance_31: calling (264,617 char prompt)  [conformance 31/55]
[23:01:09]   stage2c_conformance_31: ok (68s, 420 chars)
[23:01:09]   stage2c_conformance_32: calling (224,846 char prompt)  [conformance 32/55]
[23:01:49]   stage2c_conformance_32: ok (39s, 785 chars)
[23:01:49]   stage2c_conformance_32: schema violation (1 of 5 traces are absent from the response: ['628269fc201525ad4a335ecd']. Every trace must appear, even if its findings list is empty.); re-asking
[23:02:19]   stage2c_conformance_33: calling (258,075 char prompt)  [conformance 33/55]
[23:03:04]   stage2c_conformance_33: ok (46s, 911 chars)
[23:03:04]   stage2c_conformance_34: calling (222,017 char prompt)  [conformance 34/55]
[23:03:47]   stage2c_conformance_34: ok (43s, 4,699 chars)
[23:03:47]   stage2c_conformance_35: calling (238,670 char prompt)  [conformance 35/55]
[23:04:26]   stage2c_conformance_35: ok (39s, 1,439 chars)
[23:04:26]   stage2c_conformance_36: calling (258,380 char prompt)  [conformance 36/55]
[23:05:10]   stage2c_conformance_36: ok (44s, 1,859 chars)
[23:05:10]   stage2c_conformance_36: schema violation (1 of 6 traces are absent from the response: ['df1ddc289effb9379019eb02']. Every trace must appear, even if its findings list is empty.); re-asking
[23:05:41]   stage2c_conformance_37: calling (258,560 char prompt)  [conformance 37/55]
[23:06:29]   stage2c_conformance_37: ok (48s, 1,937 chars)
[23:06:29]   stage2c_conformance_38: calling (231,110 char prompt)  [conformance 38/55]
[23:07:23]   stage2c_conformance_38: ok (54s, 1,743 chars)
[23:07:23]   stage2c_conformance_39: calling (248,811 char prompt)  [conformance 39/55]
[23:08:17]   stage2c_conformance_39: ok (54s, 2,566 chars)
[23:08:17]   stage2c_conformance_40: calling (242,442 char prompt)  [conformance 40/55]
[23:08:59]   stage2c_conformance_40: ok (42s, 1,698 chars)
[23:08:59]   stage2c_conformance_41: calling (221,005 char prompt)  [conformance 41/55]
[23:09:42]   stage2c_conformance_41: ok (43s, 1,315 chars)
[23:09:42]   stage2c_conformance_42: calling (238,529 char prompt)  [conformance 42/55]
[23:10:37]   stage2c_conformance_42: ok (56s, 3,095 chars)
[23:10:37]   stage2c_conformance_43: calling (222,579 char prompt)  [conformance 43/55]
[23:11:11]   stage2c_conformance_43: ok (34s, 1,284 chars)
[23:11:11]   stage2c_conformance_44: calling (251,797 char prompt)  [conformance 44/55]
[23:11:58]   stage2c_conformance_44: ok (47s, 1,758 chars)
[23:11:58]   stage2c_conformance_45: calling (250,577 char prompt)  [conformance 45/55]
[23:12:27]   stage2c_conformance_45: ok (29s, 1,460 chars)
[23:12:27]   stage2c_conformance_45: schema violation (1 of 5 traces are absent from the response: ['237372863e327a6566eb2240']. Every trace must appear, even if its findings list is empty.); re-asking
[23:12:50]   stage2c_conformance_46: calling (242,236 char prompt)  [conformance 46/55]
[23:13:28]   stage2c_conformance_46: ok (38s, 1,991 chars)
[23:13:28]   stage2c_conformance_47: calling (266,356 char prompt)  [conformance 47/55]
[23:14:02]   stage2c_conformance_47: ok (34s, 1,707 chars)
[23:14:02]   stage2c_conformance_47: schema violation (1 of 6 traces are absent from the response: ['1bddc6174f37384c9f9f488d']. Every trace must appear, even if its findings list is empty.); re-asking
[23:14:37]   stage2c_conformance_48: calling (244,279 char prompt)  [conformance 48/55]
[23:15:16]   stage2c_conformance_48: ok (38s, 1,806 chars)
[23:15:16]   stage2c_conformance_49: calling (234,575 char prompt)  [conformance 49/55]
[23:15:55]   stage2c_conformance_49: ok (40s, 2,467 chars)
[23:15:55]   stage2c_conformance_50: calling (250,285 char prompt)  [conformance 50/55]
[23:16:47]   stage2c_conformance_50: ok (51s, 2,320 chars)
[23:16:47]   stage2c_conformance_51: calling (258,619 char prompt)  [conformance 51/55]
[23:17:35]   stage2c_conformance_51: ok (49s, 2,206 chars)
[23:17:35]   stage2c_conformance_52: calling (247,285 char prompt)  [conformance 52/55]
[23:18:19]   stage2c_conformance_52: ok (43s, 1,258 chars)
[23:18:19]   stage2c_conformance_53: calling (258,474 char prompt)  [conformance 53/55]
[23:19:13]   stage2c_conformance_53: ok (55s, 2,009 chars)
[23:19:13]   stage2c_conformance_54: calling (235,560 char prompt)  [conformance 54/55]
[23:19:52]   stage2c_conformance_54: ok (38s, 3,343 chars)
[23:19:52]   stage2c_conformance_55: calling (192,887 char prompt)  [conformance 55/55]
[23:20:46]   stage2c_conformance_55: ok (54s, 1,278 chars)
[23:20:46]   observed: 345 findings across 300/300 traces (142 work, 203 conformance); 2687 substantive steps walked
[23:20:46]   stage3_abstraction: calling (220,154 char prompt)
stage3_abstraction: unparseable response, saved at runs/taxgen-v4/hover/stage3_abstraction.raw.txt
[00:11:20] ==================================================================
[00:11:20] GENERATION v2  benchmark=hover  (no gate, no judge, no refinement)
[00:11:20] ==================================================================
[00:11:20] contracts: 4 agents, 35 clauses (5,371 chars) -- free
[00:11:20] fixed sample: 300 trace ids from benchmarks/hover/traces/traces-3/generation/samples/sample-1/trace_ids.txt
[00:11:22] traces: 300 over 100 tasks (3.0/task), full length, 12,971,759 chars -- free (278 work batches, 55 conformance)
[00:11:22]   outcome fields stripped before any prompt: none present
[00:11:22]   stage1_domain: already done
[00:11:22]   stage2w_work_1: already done
[00:11:22]   stage2w_work_2: already done
[00:11:22]   stage2w_work_3: already done
[00:11:22]   stage2w_work_4: already done
[00:11:22]   stage2w_work_5: already done
[00:11:22]   stage2w_work_6: already done
[00:11:22]   stage2w_work_7: already done
[00:11:22]   stage2w_work_8: already done
[00:11:22]   stage2w_work_9: already done
[00:11:22]   stage2w_work_10: already done
[00:11:22]   stage2w_work_11: already done
[00:11:22]   stage2w_work_12: already done
[00:11:22]   stage2w_work_13: already done
[00:11:22]   stage2w_work_14: already done
[00:11:22]   stage2w_work_15: already done
[00:11:22]   stage2w_work_16: already done
[00:11:22]   stage2w_work_17: already done
[00:11:22]   stage2w_work_18: already done
[00:11:22]   stage2w_work_19: already done
[00:11:22]   stage2w_work_20: already done
[00:11:22]   stage2w_work_21: already done
[00:11:22]   stage2w_work_22: already done
[00:11:22]   stage2w_work_23: already done
[00:11:22]   stage2w_work_24: already done
[00:11:22]   stage2w_work_25: already done
[00:11:22]   stage2w_work_26: already done
[00:11:22]   stage2w_work_27: already done
[00:11:22]   stage2w_work_28: already done
[00:11:22]   stage2w_work_29: already done
[00:11:22]   stage2w_work_30: already done
[00:11:22]   stage2w_work_31: already done
[00:11:22]   stage2w_work_32: already done
[00:11:22]   stage2w_work_33: already done
[00:11:22]   stage2w_work_34: already done
[00:11:22]   stage2w_work_35: already done
[00:11:22]   stage2w_work_36: already done
[00:11:22]   stage2w_work_37: already done
[00:11:22]   stage2w_work_38: already done
[00:11:22]   stage2w_work_39: already done
[00:11:22]   stage2w_work_40: already done
[00:11:22]   stage2w_work_41: already done
[00:11:22]   stage2w_work_42: already done
[00:11:22]   stage2w_work_43: already done
[00:11:22]   stage2w_work_44: already done
[00:11:22]   stage2w_work_45: already done
[00:11:22]   stage2w_work_46: already done
[00:11:22]   stage2w_work_47: already done
[00:11:22]   stage2w_work_48: already done
[00:11:22]   stage2w_work_49: already done
[00:11:22]   stage2w_work_50: already done
[00:11:22]   stage2w_work_51: already done
[00:11:22]   stage2w_work_52: already done
[00:11:22]   stage2w_work_53: already done
[00:11:22]   stage2w_work_54: already done
[00:11:22]   stage2w_work_55: already done
[00:11:22]   stage2w_work_56: already done
[00:11:22]   stage2w_work_57: already done
[00:11:22]   stage2w_work_58: already done
[00:11:22]   stage2w_work_59: already done
[00:11:22]   stage2w_work_60: already done
[00:11:22]   stage2w_work_61: already done
[00:11:22]   stage2w_work_62: already done
[00:11:22]   stage2w_work_63: already done
[00:11:22]   stage2w_work_64: already done
[00:11:22]   stage2w_work_65: already done
[00:11:22]   stage2w_work_66: already done
[00:11:22]   stage2w_work_67: already done
[00:11:22]   stage2w_work_68: already done
[00:11:22]   stage2w_work_69: already done
[00:11:22]   stage2w_work_70: already done
[00:11:22]   stage2w_work_71: already done
[00:11:22]   stage2w_work_72: already done
[00:11:22]   stage2w_work_73: already done
[00:11:22]   stage2w_work_74: already done
[00:11:22]   stage2w_work_75: already done
[00:11:22]   stage2w_work_76: already done
[00:11:22]   stage2w_work_77: already done
[00:11:23]   stage2w_work_78: already done
[00:11:23]   stage2w_work_79: already done
[00:11:23]   stage2w_work_80: already done
[00:11:23]   stage2w_work_81: already done
[00:11:23]   stage2w_work_82: already done
[00:11:23]   stage2w_work_83: already done
[00:11:23]   stage2w_work_84: already done
[00:11:23]   stage2w_work_85: already done
[00:11:23]   stage2w_work_86: already done
[00:11:23]   stage2w_work_87: already done
[00:11:23]   stage2w_work_88: already done
[00:11:23]   stage2w_work_89: already done
[00:11:23]   stage2w_work_90: already done
[00:11:23]   stage2w_work_91: already done
[00:11:23]   stage2w_work_92: already done
[00:11:23]   stage2w_work_93: already done
[00:11:23]   stage2w_work_94: already done
[00:11:23]   stage2w_work_95: already done
[00:11:23]   stage2w_work_96: already done
[00:11:23]   stage2w_work_97: already done
[00:11:23]   stage2w_work_98: already done
[00:11:23]   stage2w_work_99: already done
[00:11:23]   stage2w_work_100: already done
[00:11:23]   stage2w_work_101: already done
[00:11:23]   stage2w_work_102: already done
[00:11:23]   stage2w_work_103: already done
[00:11:23]   stage2w_work_104: already done
[00:11:23]   stage2w_work_105: already done
[00:11:23]   stage2w_work_106: already done
[00:11:23]   stage2w_work_107: already done
[00:11:23]   stage2w_work_108: already done
[00:11:23]   stage2w_work_109: already done
[00:11:23]   stage2w_work_110: already done
[00:11:23]   stage2w_work_111: already done
[00:11:23]   stage2w_work_112: already done
[00:11:23]   stage2w_work_113: already done
[00:11:23]   stage2w_work_114: already done
[00:11:23]   stage2w_work_115: already done
[00:11:23]   stage2w_work_116: already done
[00:11:23]   stage2w_work_117: already done
[00:11:23]   stage2w_work_118: already done
[00:11:23]   stage2w_work_119: already done
[00:11:23]   stage2w_work_120: already done
[00:11:23]   stage2w_work_121: already done
[00:11:23]   stage2w_work_122: already done
[00:11:23]   stage2w_work_123: already done
[00:11:23]   stage2w_work_124: already done
[00:11:23]   stage2w_work_125: already done
[00:11:23]   stage2w_work_126: already done
[00:11:23]   stage2w_work_127: already done
[00:11:23]   stage2w_work_128: already done
[00:11:23]   stage2w_work_129: already done
[00:11:23]   stage2w_work_130: already done
[00:11:23]   stage2w_work_131: already done
[00:11:23]   stage2w_work_132: already done
[00:11:23]   stage2w_work_133: already done
[00:11:23]   stage2w_work_134: already done
[00:11:23]   stage2w_work_135: already done
[00:11:23]   stage2w_work_136: already done
[00:11:23]   stage2w_work_137: already done
[00:11:23]   stage2w_work_138: already done
[00:11:23]   stage2w_work_139: already done
[00:11:23]   stage2w_work_140: already done
[00:11:23]   stage2w_work_141: already done
[00:11:23]   stage2w_work_142: already done
[00:11:23]   stage2w_work_143: already done
[00:11:23]   stage2w_work_144: already done
[00:11:23]   stage2w_work_145: already done
[00:11:23]   stage2w_work_146: already done
[00:11:23]   stage2w_work_147: already done
[00:11:23]   stage2w_work_148: already done
[00:11:23]   stage2w_work_149: already done
[00:11:23]   stage2w_work_150: already done
[00:11:23]   stage2w_work_151: already done
[00:11:23]   stage2w_work_152: already done
[00:11:23]   stage2w_work_153: already done
[00:11:23]   stage2w_work_154: already done
[00:11:23]   stage2w_work_155: already done
[00:11:23]   stage2w_work_156: already done
[00:11:23]   stage2w_work_157: already done
[00:11:23]   stage2w_work_158: already done
[00:11:23]   stage2w_work_159: already done
[00:11:23]   stage2w_work_160: already done
[00:11:23]   stage2w_work_161: already done
[00:11:23]   stage2w_work_162: already done
[00:11:23]   stage2w_work_163: already done
[00:11:23]   stage2w_work_164: already done
[00:11:23]   stage2w_work_165: already done
[00:11:23]   stage2w_work_166: already done
[00:11:23]   stage2w_work_167: already done
[00:11:23]   stage2w_work_168: already done
[00:11:23]   stage2w_work_169: already done
[00:11:23]   stage2w_work_170: already done
[00:11:23]   stage2w_work_171: already done
[00:11:23]   stage2w_work_172: already done
[00:11:23]   stage2w_work_173: already done
[00:11:23]   stage2w_work_174: already done
[00:11:23]   stage2w_work_175: already done
[00:11:23]   stage2w_work_176: already done
[00:11:23]   stage2w_work_177: already done
[00:11:23]   stage2w_work_178: already done
[00:11:23]   stage2w_work_179: already done
[00:11:23]   stage2w_work_180: already done
[00:11:23]   stage2w_work_181: already done
[00:11:23]   stage2w_work_182: already done
[00:11:23]   stage2w_work_183: already done
[00:11:23]   stage2w_work_184: already done
[00:11:23]   stage2w_work_185: already done
[00:11:23]   stage2w_work_186: already done
[00:11:23]   stage2w_work_187: already done
[00:11:23]   stage2w_work_188: already done
[00:11:23]   stage2w_work_189: already done
[00:11:23]   stage2w_work_190: already done
[00:11:23]   stage2w_work_191: already done
[00:11:23]   stage2w_work_192: already done
[00:11:23]   stage2w_work_193: already done
[00:11:23]   stage2w_work_194: already done
[00:11:23]   stage2w_work_195: already done
[00:11:23]   stage2w_work_196: already done
[00:11:23]   stage2w_work_197: already done
[00:11:23]   stage2w_work_198: already done
[00:11:23]   stage2w_work_199: already done
[00:11:23]   stage2w_work_200: already done
[00:11:23]   stage2w_work_201: already done
[00:11:23]   stage2w_work_202: already done
[00:11:23]   stage2w_work_203: already done
[00:11:23]   stage2w_work_204: already done
[00:11:23]   stage2w_work_205: already done
[00:11:23]   stage2w_work_206: already done
[00:11:23]   stage2w_work_207: already done
[00:11:23]   stage2w_work_208: already done
[00:11:23]   stage2w_work_209: already done
[00:11:23]   stage2w_work_210: already done
[00:11:23]   stage2w_work_211: already done
[00:11:23]   stage2w_work_212: already done
[00:11:23]   stage2w_work_213: already done
[00:11:23]   stage2w_work_214: already done
[00:11:23]   stage2w_work_215: already done
[00:11:23]   stage2w_work_216: already done
[00:11:23]   stage2w_work_217: already done
[00:11:23]   stage2w_work_218: already done
[00:11:23]   stage2w_work_219: already done
[00:11:23]   stage2w_work_220: already done
[00:11:23]   stage2w_work_221: already done
[00:11:23]   stage2w_work_222: already done
[00:11:23]   stage2w_work_223: already done
[00:11:23]   stage2w_work_224: already done
[00:11:23]   stage2w_work_225: already done
[00:11:23]   stage2w_work_226: already done
[00:11:23]   stage2w_work_227: already done
[00:11:23]   stage2w_work_228: already done
[00:11:23]   stage2w_work_229: already done
[00:11:23]   stage2w_work_230: already done
[00:11:23]   stage2w_work_231: already done
[00:11:23]   stage2w_work_232: already done
[00:11:23]   stage2w_work_233: already done
[00:11:23]   stage2w_work_234: already done
[00:11:23]   stage2w_work_235: already done
[00:11:23]   stage2w_work_236: already done
[00:11:23]   stage2w_work_237: already done
[00:11:23]   stage2w_work_238: already done
[00:11:23]   stage2w_work_239: already done
[00:11:23]   stage2w_work_240: already done
[00:11:23]   stage2w_work_241: already done
[00:11:23]   stage2w_work_242: already done
[00:11:23]   stage2w_work_243: already done
[00:11:23]   stage2w_work_244: already done
[00:11:23]   stage2w_work_245: already done
[00:11:23]   stage2w_work_246: already done
[00:11:23]   stage2w_work_247: already done
[00:11:23]   stage2w_work_248: already done
[00:11:23]   stage2w_work_249: already done
[00:11:23]   stage2w_work_250: already done
[00:11:23]   stage2w_work_251: already done
[00:11:23]   stage2w_work_252: already done
[00:11:23]   stage2w_work_253: already done
[00:11:23]   stage2w_work_254: already done
[00:11:23]   stage2w_work_255: already done
[00:11:23]   stage2w_work_256: already done
[00:11:23]   stage2w_work_257: already done
[00:11:23]   stage2w_work_258: already done
[00:11:23]   stage2w_work_259: already done
[00:11:23]   stage2w_work_260: already done
[00:11:23]   stage2w_work_261: already done
[00:11:23]   stage2w_work_262: already done
[00:11:23]   stage2w_work_263: already done
[00:11:23]   stage2w_work_264: already done
[00:11:23]   stage2w_work_265: already done
[00:11:23]   stage2w_work_266: already done
[00:11:23]   stage2w_work_267: already done
[00:11:23]   stage2w_work_268: already done
[00:11:23]   stage2w_work_269: already done
[00:11:23]   stage2w_work_270: already done
[00:11:23]   stage2w_work_271: already done
[00:11:23]   stage2w_work_272: already done
[00:11:23]   stage2w_work_273: already done
[00:11:23]   stage2w_work_274: already done
[00:11:23]   stage2w_work_275: already done
[00:11:23]   stage2w_work_276: already done
[00:11:23]   stage2w_work_277: already done
[00:11:23]   stage2w_work_278: already done
[00:11:23]   stage2c_conformance_1: already done
[00:11:23]   stage2c_conformance_2: already done
[00:11:23]   stage2c_conformance_3: already done
[00:11:23]   stage2c_conformance_4: already done
[00:11:23]   stage2c_conformance_5: already done
[00:11:23]   stage2c_conformance_6: already done
[00:11:23]   stage2c_conformance_7: already done
[00:11:23]   stage2c_conformance_8: already done
[00:11:23]   stage2c_conformance_9: already done
[00:11:23]   stage2c_conformance_10: already done
[00:11:23]   stage2c_conformance_11: already done
[00:11:23]   stage2c_conformance_12: already done
[00:11:23]   stage2c_conformance_13: already done
[00:11:23]   stage2c_conformance_14: already done
[00:11:23]   stage2c_conformance_15: already done
[00:11:23]   stage2c_conformance_16: already done
[00:11:23]   stage2c_conformance_17: already done
[00:11:23]   stage2c_conformance_18: already done
[00:11:23]   stage2c_conformance_19: already done
[00:11:23]   stage2c_conformance_20: already done
[00:11:23]   stage2c_conformance_21: already done
[00:11:23]   stage2c_conformance_22: already done
[00:11:23]   stage2c_conformance_23: already done
[00:11:23]   stage2c_conformance_24: already done
[00:11:23]   stage2c_conformance_25: already done
[00:11:23]   stage2c_conformance_26: already done
[00:11:23]   stage2c_conformance_27: already done
[00:11:23]   stage2c_conformance_28: already done
[00:11:23]   stage2c_conformance_29: already done
[00:11:23]   stage2c_conformance_30: already done
[00:11:23]   stage2c_conformance_31: already done
[00:11:23]   stage2c_conformance_32: already done
[00:11:23]   stage2c_conformance_33: already done
[00:11:23]   stage2c_conformance_34: already done
[00:11:23]   stage2c_conformance_35: already done
[00:11:23]   stage2c_conformance_36: already done
[00:11:23]   stage2c_conformance_37: already done
[00:11:23]   stage2c_conformance_38: already done
[00:11:23]   stage2c_conformance_39: already done
[00:11:23]   stage2c_conformance_40: already done
[00:11:23]   stage2c_conformance_41: already done
[00:11:23]   stage2c_conformance_42: already done
[00:11:23]   stage2c_conformance_43: already done
[00:11:23]   stage2c_conformance_44: already done
[00:11:23]   stage2c_conformance_45: already done
[00:11:23]   stage2c_conformance_46: already done
[00:11:23]   stage2c_conformance_47: already done
[00:11:23]   stage2c_conformance_48: already done
[00:11:23]   stage2c_conformance_49: already done
[00:11:23]   stage2c_conformance_50: already done
[00:11:23]   stage2c_conformance_51: already done
[00:11:23]   stage2c_conformance_52: already done
[00:11:23]   stage2c_conformance_53: already done
[00:11:23]   stage2c_conformance_54: already done
[00:11:23]   stage2c_conformance_55: already done
[00:11:23]   observed: 345 findings across 300/300 traces (142 work, 203 conformance); 2687 substantive steps walked
[00:11:23]   stage3_abstraction: calling (220,154 char prompt)
[00:15:17]     usage: prompt=59673 thoughts=40150 answer=24845
[00:15:17]   stage3_abstraction: ok (234s, 81,252 chars)
[00:15:17]   stage3_abstraction: schema violation (345 observations were given; 314 appear as incidents and 0 in 'unplaced', leaving 31 unaccounted for. Every observation must appear in exactly one of the two, even if several share a mode and even if the reason is that it is not a mechanism.); re-asking
[00:17:25]     usage: prompt=59788 thoughts=8839 answer=26494
[00:17:25]   [!] 9 of 345 observations unaccounted for (within tolerance; recorded in the artifact)
[00:17:25]   abstracted: 7 modes (4 general, 3 domain), 0 observations unplaced
[00:17:25]   stage4_applicability: calling (356,466 char prompt)
[00:17:48]     usage: prompt=93878 thoughts=2767 answer=2196
[00:17:48]   stage4_applicability: ok (22s, 7,707 chars)
[00:17:48]   applicability: 0 specialised, 0 flagged
[00:17:48]   stage5_consolidation: calling (97,551 char prompt)
[00:19:38]     usage: prompt=29101 thoughts=3304 answer=27088
[00:19:38]   stage5_consolidation: ok (110s, 91,845 chars)
[00:19:38]   consolidated: 7 + 0 -> 7 codes
[00:19:38]   stage6_validation: calling (183,628 char prompt)
[00:21:33]     usage: prompt=56627 thoughts=2945 answer=27903
[00:21:33]   stage6_validation: ok (115s, 94,445 chars)
[00:21:33]   validated: 7 -> 7 codes after 7 correction(s)
[00:21:33] ==================================================================
[00:21:33] DONE  7 codes  10.2 min  -> runs/taxgen-v4/hover/taxonomy_v2.json
