[13:28:11] 7 codes carry findings; examining 5 with >=6
[13:28:11]   left alone (5 findings): CLAIM_CONSTRAINT_OMISSION_IN_QUERY
[13:28:11]   left alone (2 findings): MALFORMED_STRUCTURED_LIST_OR_SORTING_DEFECT
[13:28:11]   split_EVIDENCE_MISCONSTRUCTION_OR_LOGICAL_FALL: calling (21,529 char prompt)  [EVIDENCE_MISCONSTRUCTION_OR_LOGICA x89]
[13:28:26]     usage: prompt=4706 thoughts=2717 answer=1016
[13:28:26]   split_EVIDENCE_MISCONSTRUCTION_OR_LOGICAL_FALL: ok (15s, 3,308 chars)
[13:28:26]     -> split into 4 [confidence: distinct]: ACCEPTED (every pair of parts occurs apart)
[13:28:26]        PASSAGE_TEXT_MISCONSTRUCTION_OR_HALLUCINATION    22/26 traces alone
[13:28:26]        INVALID_VERDICT_LOGICAL_INFERENCE                6/10 traces alone
[13:28:26]        RETRIEVAL_STATE_AND_EVIDENCE_MISTRACKING         19/23 traces alone
[13:28:26]        UNMAPPED_REASONING_TRAJECTORY                    5/7 traces alone
[13:28:26]   split_DISALLOWED_QUERY_SYNTAX_OR_STYLE: calling (16,351 char prompt)  [DISALLOWED_QUERY_SYNTAX_OR_STYLE x89]
[13:28:41]     usage: prompt=3287 thoughts=2359 answer=764
[13:28:41]   split_DISALLOWED_QUERY_SYNTAX_OR_STYLE: ok (15s, 2,191 chars)
[13:28:41]     -> split into 2 [confidence: distinct]: ACCEPTED (every pair of parts occurs apart)
[13:28:41]        CONVERSATIONAL_OR_NATURAL_LANGUAGE_QUERY         59/61 traces alone
[13:28:41]        DISALLOWED_QUERY_SYNTAX_OPERATORS                17/19 traces alone
[13:28:41]   split_UNGROUNDED_ENTITY_OR_KNOWLEDGE_INJECTION: calling (18,038 char prompt)  [UNGROUNDED_ENTITY_OR_KNOWLEDGE_INJ x69]
[13:29:23]     usage: prompt=4056 thoughts=4561 answer=945
[13:29:23]   split_UNGROUNDED_ENTITY_OR_KNOWLEDGE_INJECTION: ok (42s, 3,589 chars)
[13:29:23]     -> split into 3 [confidence: distinct]: ACCEPTED (every pair of parts occurs apart)
[13:29:23]        REASONING_PARAMETRIC_KNOWLEDGE_INJECTION         33/38 traces alone
[13:29:23]        QUERY_SEARCH_TERM_INJECTION                      14/18 traces alone
[13:29:23]        HALLUCINATED_RETRIEVED_DOCUMENT_ACCOUNTING       7/8 traces alone
[13:29:23]   split_PREMATURE_RETRIEVAL_TERMINATION_OR_REFUS: calling (14,316 char prompt)  [PREMATURE_RETRIEVAL_TERMINATION_OR x63]
[13:29:57]     usage: prompt=3057 thoughts=5835 answer=1208
[13:29:57]   split_PREMATURE_RETRIEVAL_TERMINATION_OR_REFUS: ok (34s, 4,597 chars)
[13:29:57]     -> split into 4 [confidence: distinct]: ACCEPTED (every pair of parts occurs apart)
[13:29:57]        PREMATURE_EVIDENCE_COMPLETION_IN_REASONING       7/10 traces alone
[13:29:57]        NULL_OR_TERMINATION_TOKEN_QUERY_EMISSION         18/24 traces alone
[13:29:57]        CONVERSATIONAL_EXPLANATION_IN_QUERY_FIELD        7/9 traces alone
[13:29:57]        FALSE_PREMISE_RULE_MISAPPLICATION_ON_VERIFIED_   6/7 traces alone
[13:29:57]   split_MISSING_REQUIRED_OUTPUT_FIELD_OR_MARKER: calling (10,595 char prompt)  [MISSING_REQUIRED_OUTPUT_FIELD_OR_M x62]
[13:30:13]     usage: prompt=2200 thoughts=2586 answer=803
[13:30:13]   split_MISSING_REQUIRED_OUTPUT_FIELD_OR_MARKER: ok (16s, 2,845 chars)
[13:30:13]     -> split into 3 [confidence: distinct]: ACCEPTED (every pair of parts occurs apart)
[13:30:13]        MISSING_TERMINAL_COMPLETION_MARKER               2/2 traces alone
[13:30:13]        OMITTED_EVIDENCE_CATEGORIZATION_SECTION          37/37 traces alone
[13:30:13]        OMITTED_MULTI_HOP_REASONING_MAP                  6/6 traces alone
[13:30:13] ============================================================
[13:30:13] examined 5 codes: 5 splits accepted, 0 rejected as non-separating, 0 kept
[13:30:13]   taxonomy would go from 7 to 18 codes
[13:30:13]   -> runs/taxgen-v4/hover-granularity/granularity.json
